BL51 BANKED LINKER/LOCATER V6.22                                                        03/26/2019  10:13:42  PAGE 1


BL51 BANKED LINKER/LOCATER V6.22, INVOKED BY:
C:\KEIL\C51\BIN\BL51.EXE ..\User\obj\STARTUP.obj, ..\User\obj\adc.obj, ..\User\obj\interrupt.obj, ..\User\obj\ird_remote
>> .obj, ..\User\obj\led.obj, ..\User\obj\main.obj, ..\User\obj\PID.obj, ..\User\obj\pwm.obj, ..\User\obj\task.obj, ..\U
>> ser\obj\timer.obj, ..\User\obj\udelay.obj, ..\User\obj\Common.obj, ..\User\obj\Delay.obj TO ..\User\obj\N76E003_L1 PR
>> INT (.\N76E003_L1.m51) RAMSIZE (256)


MEMORY MODEL: LARGE WITH FLOATING POINT ARITHMETIC


INPUT MODULES INCLUDED:
  ..\User\obj\STARTUP.obj (?C_STARTUP)
  ..\User\obj\adc.obj (ADC)
  ..\User\obj\interrupt.obj (INTERRUPT)
  ..\User\obj\ird_remote.obj (IRD_REMOTE)
  ..\User\obj\led.obj (LED)
  ..\User\obj\main.obj (MAIN)
  ..\User\obj\PID.obj (PID)
  ..\User\obj\pwm.obj (PWM)
  ..\User\obj\task.obj (TASK)
  ..\User\obj\timer.obj (TIMER)
  ..\User\obj\udelay.obj (UDELAY)
  ..\User\obj\Common.obj (COMMON)
  ..\User\obj\Delay.obj (DELAY)
  C:\KEIL\C51\LIB\C51FPL.LIB (?C?FPADD)
  C:\KEIL\C51\LIB\C51FPL.LIB (?C?FPMUL)
  C:\KEIL\C51\LIB\C51FPL.LIB (?C?FPDIV)
  C:\KEIL\C51\LIB\C51FPL.LIB (?C?FPCMP)
  C:\KEIL\C51\LIB\C51FPL.LIB (?C?FCAST)
  C:\KEIL\C51\LIB\C51FPL.LIB (?C?CASTF)
  C:\KEIL\C51\LIB\C51FPL.LIB (?C?FPGETOPN)
  C:\KEIL\C51\LIB\C51L.LIB (?C_INIT)
  C:\KEIL\C51\LIB\C51L.LIB (?C?UIDIV)
  C:\KEIL\C51\LIB\C51L.LIB (?C?ULDIV)
  C:\KEIL\C51\LIB\C51L.LIB (?C?LNEG)
  C:\KEIL\C51\LIB\C51L.LIB (?C?ULCMP)
  C:\KEIL\C51\LIB\C51L.LIB (?C?ULSHR)
  C:\KEIL\C51\LIB\C51L.LIB (?C?LSHL)
  C:\KEIL\C51\LIB\C51L.LIB (?C?LLDPTR)
  C:\KEIL\C51\LIB\C51L.LIB (?C?LLDOPTR)
  C:\KEIL\C51\LIB\C51L.LIB (?C?LSTPTR)
  C:\KEIL\C51\LIB\C51L.LIB (?C?LSTOPTR)
  C:\KEIL\C51\LIB\C51L.LIB (?C?LLDOPTR0)
  C:\KEIL\C51\LIB\C51L.LIB (?C?LSTXDATA)
  C:\KEIL\C51\LIB\C51L.LIB (?C?LSTKXDATA)
  C:\KEIL\C51\LIB\C51L.LIB (?C?LSTKOPTR)
  C:\KEIL\C51\LIB\C51L.LIB (?C?MEMSET)
  C:\KEIL\C51\LIB\C51L.LIB (?C?LLDIDATA)
  C:\KEIL\C51\LIB\C51L.LIB (?C?LLDXDATA)
  C:\KEIL\C51\LIB\C51L.LIB (?C?LLDPDATA)
  C:\KEIL\C51\LIB\C51L.LIB (?C?LLDCODE)
  C:\KEIL\C51\LIB\C51L.LIB (?C?LLDIDATA0)
  C:\KEIL\C51\LIB\C51L.LIB (?C?LLDXDATA0)
  C:\KEIL\C51\LIB\C51L.LIB (?C?LLDPDATA0)
  C:\KEIL\C51\LIB\C51L.LIB (?C?LLDCODE0)
  C:\KEIL\C51\LIB\C51L.LIB (?C?LSTIDATA)
  C:\KEIL\C51\LIB\C51L.LIB (?C?LSTPDATA)
  C:\KEIL\C51\LIB\C51L.LIB (?C?LSTKIDATA)
BL51 BANKED LINKER/LOCATER V6.22                                                      03/26/2019  10:13:42  PAGE 2


  C:\KEIL\C51\LIB\C51L.LIB (?C?LSTKPDATA)


LINK MAP OF MODULE:  ..\User\obj\N76E003_L1 (?C_STARTUP)


            TYPE    BASE      LENGTH    RELOCATION   SEGMENT NAME
            -----------------------------------------------------

            * * * * * * *   D A T A   M E M O R Y   * * * * * * *
            REG     0000H     0008H     ABSOLUTE     "REG BANK 0"
                    0008H     0018H                  *** GAP ***
            BIT     0020H.0   0000H.1   UNIT         ?BI?DELAY
                    0020H.1   0000H.7                *** GAP ***
            IDATA   0021H     0001H     UNIT         ?STACK

            * * * * * * *  X D A T A   M E M O R Y  * * * * * * *
            XDATA   0000H     00F7H     UNIT         ?XD?IRD_REMOTE
            XDATA   00F7H     008CH     UNIT         ?XD?ADC
            XDATA   0183H     0060H     UNIT         ?XD?TASK
            XDATA   01E3H     0028H     UNIT         ?XD?INTERRUPT
            XDATA   020BH     001CH     UNIT         ?XD?PID
            XDATA   0227H     0017H     UNIT         _XDATA_GROUP_
            XDATA   023EH     000AH     UNIT         ?XD?MAIN
            XDATA   0248H     0004H     UNIT         ?XD?_INITIALUART0_TIMER3?COMMON
            XDATA   024CH     0004H     UNIT         ?XD?_INITIALUART1_TIMER3?COMMON
            XDATA   0250H     0002H     UNIT         ?XD?PWM

            * * * * * * *   C O D E   M E M O R Y   * * * * * * *
            CODE    0000H     0003H     ABSOLUTE     
            CODE    0003H     0024H     UNIT         ?PR?INIT_ADC?ADC
            CODE    0027H     0013H     UNIT         ?PR?INIT_TIME1_IRD?TIMER
            CODE    003AH     0001H     UNIT         ?PR?INIT_LED?LED
            CODE    003BH     0003H     ABSOLUTE     
            CODE    003EH     003BH     UNIT         ?PR?_DELAY_MS?UDELAY
            CODE    0079H     0009H     UNIT         ?PR?_PID_INIT?PID
                    0082H     0001H                  *** GAP ***
            CODE    0083H     0003H     ABSOLUTE     
            CODE    0086H     1521H     UNIT         ?PR?HANDLE_AD_LOOP?TASK
            CODE    15A7H     073FH     UNIT         ?PR?_PID_CALC?PID
            CODE    1CE6H     0731H     UNIT         ?C?LIB_CODE
            CODE    2417H     03F9H     UNIT         ?PR?_START_AD_CONVERT?TASK
            CODE    2810H     02A7H     UNIT         ?C_INITSEG
            CODE    2AB7H     02A5H     UNIT         ?PR?TIMER3_ISR?INTERRUPT
            CODE    2D5CH     0266H     UNIT         ?PR?HANDLE_TASK_PROCESS?TASK
            CODE    2FC2H     01AEH     UNIT         ?PR?PININTERRUPT_ISR?INTERRUPT
            CODE    3170H     0193H     UNIT         ?PR?_KEY_MENU?IRD_REMOTE
            CODE    3303H     0137H     UNIT         ?PR?_WRITE_DATAFLASH_BYTE?IRD_REMOTE
            CODE    343AH     0104H     UNIT         ?PR?READ_PARAM_EEPROM?IRD_REMOTE
            CODE    353EH     00B8H     UNIT         ?PR?APPLICATION_INIT?MAIN
            CODE    35F6H     00ACH     UNIT         ?C_C51STARTUP
            CODE    36A2H     00A6H     UNIT         ?PR?CHECK_WDT_RESET_CONFIG?MAIN
            CODE    3748H     0082H     UNIT         ?PR?MAIN?MAIN
            CODE    37CAH     0078H     UNIT         ?PR?INIT_OSC?MAIN
            CODE    3842H     0073H     UNIT         ?PR?_INITIALUART0_TIMER3?COMMON
            CODE    38B5H     0070H     UNIT         ?PR?INIT_PORT?MAIN
            CODE    3925H     006EH     UNIT         ?PR?_INITIALUART1_TIMER3?COMMON
BL51 BANKED LINKER/LOCATER V6.22                                                      03/26/2019  10:13:42  PAGE 3


            CODE    3993H     0069H     UNIT         ?PR?INIT_PWM?PWM
            CODE    39FCH     0063H     UNIT         ?PR?_SET_BOST_PWM_DUTY?PWM
            CODE    3A5FH     0039H     UNIT         ?PR?_INITIALUART0_TIMER1?COMMON
            CODE    3A98H     0016H     UNIT         ?PR?INIT_IRD?IRD_REMOTE
            CODE    3AAEH     0016H     UNIT         ?PR?INIT_TIMER3?TIMER
            CODE    3AC4H     0015H     UNIT         ?PR?DRIVER_INIT?MAIN
            CODE    3AD9H     0011H     UNIT         ?PR?DELAY_1US?UDELAY
            CODE    3AEAH     000FH     UNIT         ?PR?DISABLE_BOST_PWM?PWM
            CODE    3AF9H     000BH     UNIT         ?PR?ENABLE_BOST_PWM?PWM
            CODE    3B04H     0008H     UNIT         ?PR?_READ_APROM_BYTE?IRD_REMOTE
            CODE    3B0CH     0008H     UNIT         ?PR?RECEIVE_DATA_FROM_UART0?COMMON
            CODE    3B14H     0008H     UNIT         ?PR?_SEND_DATA_TO_UART0?COMMON
            CODE    3B1CH     0008H     UNIT         ?PR?RECEIVE_DATA_FROM_UART1?COMMON
            CODE    3B24H     0008H     UNIT         ?PR?_SEND_DATA_TO_UART1?COMMON
            CODE    3B2CH     0003H     UNIT         ?PR?MIDDLE_INIT?MAIN



OVERLAY MAP OF MODULE:   ..\User\obj\N76E003_L1 (?C_STARTUP)


SEGMENT                                        XDATA_GROUP
  +--> CALLED SEGMENT                        START    LENGTH
------------------------------------------------------------
?C_C51STARTUP                                -----    -----
  +--> ?PR?MAIN?MAIN
  +--> ?C_INITSEG

?PR?MAIN?MAIN                                -----    -----
  +--> ?PR?DRIVER_INIT?MAIN
  +--> ?PR?MIDDLE_INIT?MAIN
  +--> ?PR?APPLICATION_INIT?MAIN
  +--> ?PR?_KEY_MENU?IRD_REMOTE
  +--> ?PR?HANDLE_AD_LOOP?TASK
  +--> ?PR?HANDLE_TASK_PROCESS?TASK

?PR?DRIVER_INIT?MAIN                         -----    -----
  +--> ?PR?INIT_OSC?MAIN
  +--> ?PR?INIT_PORT?MAIN
  +--> ?PR?INIT_TIMER3?TIMER
  +--> ?PR?INIT_TIME1_IRD?TIMER
  +--> ?PR?INIT_IRD?IRD_REMOTE
  +--> ?PR?INIT_ADC?ADC
  +--> ?PR?INIT_PWM?PWM

?PR?INIT_OSC?MAIN                            -----    -----
  +--> ?PR?CHECK_WDT_RESET_CONFIG?MAIN
  +--> ?PR?_DELAY_MS?UDELAY

?PR?MIDDLE_INIT?MAIN                         -----    -----
  +--> ?PR?READ_PARAM_EEPROM?IRD_REMOTE

?PR?READ_PARAM_EEPROM?IRD_REMOTE             -----    -----
  +--> ?PR?_READ_APROM_BYTE?IRD_REMOTE
  +--> ?PR?_WRITE_DATAFLASH_BYTE?IRD_REMOTE

?PR?_WRITE_DATAFLASH_BYTE?IRD_REMOTE         022DH    0004H
BL51 BANKED LINKER/LOCATER V6.22                                                      03/26/2019  10:13:42  PAGE 4


  +--> ?PR?_READ_APROM_BYTE?IRD_REMOTE

?PR?APPLICATION_INIT?MAIN                    -----    -----
  +--> ?PR?_PID_INIT?PID

?PR?_KEY_MENU?IRD_REMOTE                     0227H    0006H
  +--> ?PR?_WRITE_DATAFLASH_BYTE?IRD_REMOTE
  +--> ?PR?DISABLE_BOST_PWM?PWM
  +--> ?PR?_SET_BOST_PWM_DUTY?PWM
  +--> ?PR?ENABLE_BOST_PWM?PWM
  +--> ?PR?_DELAY_MS?UDELAY

?PR?HANDLE_AD_LOOP?TASK                      0227H    0004H
  +--> ?PR?_START_AD_CONVERT?TASK
  +--> ?PR?_SET_BOST_PWM_DUTY?PWM
  +--> ?PR?_DELAY_MS?UDELAY
  +--> ?PR?DISABLE_BOST_PWM?PWM
  +--> ?PR?ENABLE_BOST_PWM?PWM
  +--> ?PR?_PID_CALC?PID

?PR?_START_AD_CONVERT?TASK                   022BH    0004H
  +--> ?PR?DELAY_1US?UDELAY

?PR?_PID_CALC?PID                            022BH    0013H

?PR?HANDLE_TASK_PROCESS?TASK                 -----    -----
  +--> ?PR?DISABLE_BOST_PWM?PWM
  +--> ?PR?_SET_BOST_PWM_DUTY?PWM
  +--> ?PR?_PID_INIT?PID

*** NEW ROOT ***************************************************

?PR?PININTERRUPT_ISR?INTERRUPT               -----    -----
  +--> ?PR?_SET_BOST_PWM_DUTY?PWM
  +--> ?PR?DISABLE_BOST_PWM?PWM



SYMBOL TABLE OF MODULE:  ..\User\obj\N76E003_L1 (?C_STARTUP)

  VALUE           TYPE          NAME
  ----------------------------------

  -------         MODULE        ?C_STARTUP
  C:35F6H         SEGMENT       ?C_C51STARTUP
  I:0021H         SEGMENT       ?STACK
  C:0000H         PUBLIC        ?C_STARTUP
  D:00E0H         SYMBOL        ACC
  D:00F0H         SYMBOL        B
  D:0083H         SYMBOL        DPH
  D:0082H         SYMBOL        DPL
  N:0000H         SYMBOL        IBPSTACK
  N:0100H         SYMBOL        IBPSTACKTOP
  N:0080H         SYMBOL        IDATALEN
  C:360BH         SYMBOL        IDATALOOP
  N:0000H         SYMBOL        PBPSTACK
  N:0000H         SYMBOL        PBPSTACKTOP
BL51 BANKED LINKER/LOCATER V6.22                                                      03/26/2019  10:13:42  PAGE 5


  N:0000H         SYMBOL        PDATALEN
  N:0000H         SYMBOL        PDATASTART
  N:0000H         SYMBOL        PPAGE
  N:0000H         SYMBOL        PPAGEENABLE
  D:00A0H         SYMBOL        PPAGE_SFR
  D:0081H         SYMBOL        SP
  C:35F6H         SYMBOL        STARTUP1
  N:0000H         SYMBOL        XBPSTACK
  N:0000H         SYMBOL        XBPSTACKTOP
  N:02FFH         SYMBOL        XDATALEN
  C:3616H         SYMBOL        XDATALOOP
  N:0000H         SYMBOL        XDATASTART
  C:0000H         LINE#         94
  C:35F6H         LINE#         100
  C:35F9H         LINE#         101
  C:35FCH         LINE#         102
  C:35FFH         LINE#         104
  C:3602H         LINE#         105
  C:3605H         LINE#         106
  C:3608H         LINE#         109
  C:360AH         LINE#         110
  C:360BH         LINE#         111
  C:360CH         LINE#         112
  C:360EH         LINE#         116
  C:3611H         LINE#         117
  C:3613H         LINE#         119
  C:3615H         LINE#         123
  C:3616H         LINE#         124
  C:3617H         LINE#         125
  C:3618H         LINE#         126
  C:361AH         LINE#         127
  C:361CH         LINE#         161
  C:361FH         LINE#         165
  -------         ENDMOD        ?C_STARTUP

  -------         MODULE        ADC
  C:0000H         SYMBOL        _ICE_DUMMY_
  D:00B1H         PUBLIC        P0M1
  D:00B3H         PUBLIC        P1M1
  D:00B2H         PUBLIC        P0M2
  D:0080H         PUBLIC        P0
  D:00B4H         PUBLIC        P1M2
  D:0090H         PUBLIC        P1
  D:00A0H         PUBLIC        P2
  D:00B0H         PUBLIC        P3
  D:00D8H         PUBLIC        PWMCON0
  X:00F7H         PUBLIC        adc_buffer
  D:00A8H         PUBLIC        IE
  B:00E8H.7       PUBLIC        ADCF
  D:00B8H         PUBLIC        IP
  X:0177H         PUBLIC        discharge_current_value
  D:0098H         PUBLIC        SCON
  D:0088H         PUBLIC        TCON
  X:0179H         PUBLIC        temperature_value
  X:017BH         PUBLIC        pv_voltage_value
  C:0003H         PUBLIC        init_adc
  D:00F8H         PUBLIC        SCON_1
BL51 BANKED LINKER/LOCATER V6.22                                                      03/26/2019  10:13:42  PAGE 6


  X:017DH         PUBLIC        charge_current_value
  X:017FH         PUBLIC        battery_voltage_value
  D:00E8H         PUBLIC        ADCCON0
  D:00E1H         PUBLIC        ADCCON1
  D:00C0H         PUBLIC        I2CON
  D:00C8H         PUBLIC        T2CON
  X:0181H         PUBLIC        load_voltage_value
  D:00D0H         PUBLIC        PSW
  -------         PROC          INIT_ADC
  C:0003H         LINE#         41
  C:0003H         LINE#         42
  C:0003H         LINE#         45
  C:0009H         LINE#         47
  C:000FH         LINE#         49
  C:0015H         LINE#         51
  C:001BH         LINE#         53
  C:0021H         LINE#         55
  C:0024H         LINE#         57
  C:0026H         LINE#         59
  -------         ENDPROC       INIT_ADC
  -------         ENDMOD        ADC

  -------         MODULE        INTERRUPT
  C:0000H         SYMBOL        _ICE_DUMMY_
  X:01E3H         PUBLIC        ho_cnt
  X:01E5H         PUBLIC        se_cnt
  D:0080H         PUBLIC        P0
  X:01E7H         PUBLIC        handle_short_flag
  D:0090H         PUBLIC        P1
  D:00A0H         PUBLIC        P2
  D:00B0H         PUBLIC        P3
  C:2AB7H         PUBLIC        Timer3_ISR
  D:00D8H         PUBLIC        PWMCON0
  X:01E8H         PUBLIC        ms_cnt
  D:00A8H         PUBLIC        IE
  D:00B8H         PUBLIC        IP
  X:01EAH         PUBLIC        an0_time_count
  X:01ECH         PUBLIC        an1_time_count
  X:01EEH         PUBLIC        an2_time_count
  X:01F0H         PUBLIC        an3_time_count
  X:01F2H         PUBLIC        an4_time_count
  X:01F4H         PUBLIC        open_an0_time
  X:01F5H         PUBLIC        an9_time_count
  X:01F7H         PUBLIC        open_an1_time
  X:01F8H         PUBLIC        open_an2_time
  X:01F9H         PUBLIC        open_an3_time
  X:01FAH         PUBLIC        open_an4_time
  X:01FBH         PUBLIC        open_an9_time
  X:01FCH         PUBLIC        handle_an0_process_flag
  X:01FDH         PUBLIC        handle_an1_process_flag
  X:01FEH         PUBLIC        handle_an2_process_flag
  D:0098H         PUBLIC        SCON
  X:01FFH         PUBLIC        handle_an3_process_flag
  B:0090H.4       PUBLIC        P14
  D:0088H         PUBLIC        TCON
  X:0200H         PUBLIC        handle_an4_process_flag
  X:0201H         PUBLIC        handle_an9_process_flag
BL51 BANKED LINKER/LOCATER V6.22                                                      03/26/2019  10:13:42  PAGE 7


  D:00F8H         PUBLIC        SCON_1
  B:0088H.7       PUBLIC        TF1
  C:2FC2H         PUBLIC        PinInterrupt_ISR
  D:008DH         PUBLIC        TH1
  X:0202H         PUBLIC        an10_time_count
  D:008BH         PUBLIC        TL1
  X:0204H         PUBLIC        open_discharge_time
  B:0088H.6       PUBLIC        TR1
  X:0205H         PUBLIC        time_cnt
  X:0207H         PUBLIC        open_an10_time
  D:00E8H         PUBLIC        ADCCON0
  D:00C0H         PUBLIC        I2CON
  D:00ECH         PUBLIC        PIF
  X:0208H         PUBLIC        handle_an10_process_flag
  D:00C8H         PUBLIC        T2CON
  D:00C4H         PUBLIC        T3CON
  D:00D0H         PUBLIC        PSW
  X:0209H         PUBLIC        mi_cnt
  -------         PROC          PININTERRUPT_ISR
  C:2FC2H         LINE#         65
  C:2FDFH         LINE#         67
  C:2FE6H         LINE#         68
  C:2FE6H         LINE#         69
  C:2FEBH         LINE#         70
  C:2FEBH         LINE#         71
  C:2FF1H         LINE#         73
  C:2FF7H         LINE#         75
  C:2FF9H         LINE#         77
  C:3002H         LINE#         79
  C:3008H         LINE#         81
  C:300BH         LINE#         83
  C:300EH         LINE#         84
  C:300EH         LINE#         86
  C:3016H         LINE#         87
  C:3016H         LINE#         90
  C:301FH         LINE#         92
  C:303EH         LINE#         93
  C:303EH         LINE#         94
  C:3049H         LINE#         95
  C:3049H         LINE#         96
  C:3050H         LINE#         98
  C:3052H         LINE#         100
  C:3055H         LINE#         101
  C:3058H         LINE#         103
  C:305AH         LINE#         105
  C:3061H         LINE#         107
  C:3064H         LINE#         108
  C:306DH         LINE#         109
  C:306DH         LINE#         110
  C:306FH         LINE#         111
  C:3083H         LINE#         112
  C:3086H         LINE#         113
  C:3089H         LINE#         115
  C:30A1H         LINE#         116
  C:30A1H         LINE#         117
  C:30A8H         LINE#         119
  C:30B2H         LINE#         121
BL51 BANKED LINKER/LOCATER V6.22                                                      03/26/2019  10:13:42  PAGE 8


  C:30B2H         LINE#         122
  C:30B2H         LINE#         123
  C:30B2H         LINE#         124
  C:30B2H         LINE#         125
  C:30B2H         LINE#         127
  C:30B5H         LINE#         128
  C:30CEH         LINE#         129
  C:30CEH         LINE#         130
  C:30DCH         LINE#         132
  C:30F5H         LINE#         134
  C:30F5H         LINE#         135
  C:30F5H         LINE#         136
  C:30F5H         LINE#         137
  C:30F5H         LINE#         138
  C:30F5H         LINE#         140
  C:30F7H         LINE#         141
  C:310FH         LINE#         142
  C:310FH         LINE#         143
  C:311DH         LINE#         145
  C:3143H         LINE#         147
  C:3145H         LINE#         148
  C:3148H         LINE#         149
  C:314BH         LINE#         150
  C:314DH         LINE#         151
  C:314FH         LINE#         153
  C:314FH         LINE#         155
  C:314FH         LINE#         156
  C:314FH         LINE#         158
  C:3152H         LINE#         159
  C:3152H         LINE#         161
  C:3155H         LINE#         162
  C:3155H         LINE#         164
  -------         ENDPROC       PININTERRUPT_ISR
  -------         PROC          TIMER3_ISR
  C:2AB7H         LINE#         172
  C:2ABFH         LINE#         174
  C:2AC2H         LINE#         177
  C:2ACAH         LINE#         178
  C:2ACAH         LINE#         179
  C:2AD8H         LINE#         181
  C:2AE7H         LINE#         182
  C:2AE7H         LINE#         183
  C:2AEBH         LINE#         185
  C:2AF2H         LINE#         186
  C:2AF2H         LINE#         187
  C:2B00H         LINE#         189
  C:2B0FH         LINE#         190
  C:2B0FH         LINE#         191
  C:2B13H         LINE#         193
  C:2B17H         LINE#         194
  C:2B17H         LINE#         196
  C:2B17H         LINE#         198
  C:2B17H         LINE#         200
  C:2B1DH         LINE#         202
  C:2B23H         LINE#         203
  C:2B23H         LINE#         204
  C:2B25H         LINE#         206
BL51 BANKED LINKER/LOCATER V6.22                                                      03/26/2019  10:13:42  PAGE 9


  C:2B2AH         LINE#         207
  C:2B2AH         LINE#         209
  C:2B2AH         LINE#         211
  C:2B35H         LINE#         212
  C:2B35H         LINE#         213
  C:2B44H         LINE#         214
  C:2B44H         LINE#         215
  C:2B50H         LINE#         216
  C:2B52H         LINE#         218
  C:2B52H         LINE#         219
  C:2B59H         LINE#         221
  C:2B68H         LINE#         222
  C:2B68H         LINE#         223
  C:2B74H         LINE#         224
  C:2B76H         LINE#         226
  C:2B76H         LINE#         227
  C:2B7DH         LINE#         229
  C:2B8CH         LINE#         230
  C:2B8CH         LINE#         231
  C:2B98H         LINE#         232
  C:2B9AH         LINE#         234
  C:2B9AH         LINE#         235
  C:2BA1H         LINE#         237
  C:2BB0H         LINE#         238
  C:2BB0H         LINE#         239
  C:2BBCH         LINE#         240
  C:2BBEH         LINE#         242
  C:2BBEH         LINE#         243
  C:2BC5H         LINE#         244
  C:2BC5H         LINE#         245
  C:2BC5H         LINE#         246
  C:2BC5H         LINE#         247
  C:2BC5H         LINE#         248
  C:2BC5H         LINE#         250
  C:2BCCH         LINE#         251
  C:2BCCH         LINE#         252
  C:2BDAH         LINE#         254
  C:2BE9H         LINE#         255
  C:2BE9H         LINE#         256
  C:2BEDH         LINE#         258
  C:2BF2H         LINE#         259
  C:2BF2H         LINE#         261
  C:2BF2H         LINE#         262
  C:2BF9H         LINE#         263
  C:2BF9H         LINE#         264
  C:2C07H         LINE#         266
  C:2C16H         LINE#         267
  C:2C16H         LINE#         268
  C:2C1AH         LINE#         270
  C:2C1FH         LINE#         271
  C:2C1FH         LINE#         273
  C:2C1FH         LINE#         274
  C:2C26H         LINE#         275
  C:2C26H         LINE#         276
  C:2C34H         LINE#         278
  C:2C43H         LINE#         279
  C:2C43H         LINE#         280
BL51 BANKED LINKER/LOCATER V6.22                                                      03/26/2019  10:13:42  PAGE 10


  C:2C47H         LINE#         282
  C:2C4CH         LINE#         283
  C:2C4CH         LINE#         285
  C:2C4CH         LINE#         287
  C:2C53H         LINE#         288
  C:2C53H         LINE#         289
  C:2C61H         LINE#         291
  C:2C70H         LINE#         292
  C:2C70H         LINE#         293
  C:2C74H         LINE#         295
  C:2C79H         LINE#         296
  C:2C79H         LINE#         298
  C:2C79H         LINE#         301
  C:2C80H         LINE#         302
  C:2C80H         LINE#         303
  C:2C8EH         LINE#         305
  C:2C9DH         LINE#         306
  C:2C9DH         LINE#         307
  C:2CA1H         LINE#         309
  C:2CA6H         LINE#         310
  C:2CA6H         LINE#         312
  C:2CA6H         LINE#         314
  C:2CADH         LINE#         315
  C:2CADH         LINE#         316
  C:2CBBH         LINE#         318
  C:2CCAH         LINE#         319
  C:2CCAH         LINE#         320
  C:2CCEH         LINE#         322
  C:2CD3H         LINE#         323
  C:2CD3H         LINE#         325
  C:2CD3H         LINE#         327
  C:2CDAH         LINE#         328
  C:2CDAH         LINE#         329
  C:2CE8H         LINE#         331
  C:2CF7H         LINE#         332
  C:2CF7H         LINE#         333
  C:2CFBH         LINE#         335
  C:2D00H         LINE#         336
  C:2D00H         LINE#         338
  C:2D00H         LINE#         341
  C:2D0FH         LINE#         342
  C:2D0FH         LINE#         343
  C:2D1BH         LINE#         345
  C:2D22H         LINE#         346
  C:2D22H         LINE#         347
  C:2D2EH         LINE#         348
  C:2D2EH         LINE#         349
  C:2D35H         LINE#         351
  C:2D3CH         LINE#         352
  C:2D3EH         LINE#         354
  C:2D3EH         LINE#         355
  C:2D45H         LINE#         357
  C:2D4BH         LINE#         359
  C:2D4DH         LINE#         361
  C:2D4FH         LINE#         362
  C:2D51H         LINE#         364
  C:2D53H         LINE#         366
BL51 BANKED LINKER/LOCATER V6.22                                                      03/26/2019  10:13:42  PAGE 11


  C:2D53H         LINE#         367
  C:2D53H         LINE#         368
  C:2D53H         LINE#         371
  -------         ENDPROC       TIMER3_ISR
  -------         ENDMOD        INTERRUPT

  -------         MODULE        IRD_REMOTE
  C:0000H         SYMBOL        _ICE_DUMMY_
  C:343AH         PUBLIC        read_param_eeprom
  D:00B3H         PUBLIC        P1M1
  D:0080H         PUBLIC        P0
  X:0000H         PUBLIC        shuchu_open_voltage
  D:00B4H         PUBLIC        P1M2
  D:0090H         PUBLIC        P1
  D:00A0H         PUBLIC        P2
  D:00B0H         PUBLIC        P3
  X:0004H         PUBLIC        discharge_r_value
  X:0008H         PUBLIC        lr_cnt
  X:0009H         PUBLIC        ird_receive_flag
  B:00A8H.7       PUBLIC        EA
  D:00D8H         PUBLIC        PWMCON0
  X:000BH         PUBLIC        led_out_ctrl
  X:000CH         PUBLIC        dianchi_cv_level
  D:00A8H         PUBLIC        IE
  C:3307H         PUBLIC        _Write_DATAFLASH_BYTE
  X:0010H         PUBLIC        step_01_time_limit
  D:00C7H         PUBLIC        TA
  X:0012H         PUBLIC        receive_bit_count
  X:0014H         PUBLIC        step_02_time_limit
  C:3A98H         PUBLIC        Init_Ird
  X:0016H         PUBLIC        step_03_time_limit
  X:0018H         PUBLIC        step_04_time_limit
  X:001AH         PUBLIC        step_05_time_limit
  D:00B8H         PUBLIC        IP
  X:001CH         PUBLIC        light_on_pv_level
  C:3170H         PUBLIC        _Key_Menu
  X:0020H         PUBLIC        light_mode
  X:0021H         PUBLIC        ird_receive_time_count
  X:0023H         PUBLIC        light_time
  X:0025H         PUBLIC        dianchi_qianya_baohu
  D:0098H         PUBLIC        SCON
  B:0080H.5       PUBLIC        P05
  B:0090H.4       PUBLIC        P14
  D:0088H         PUBLIC        TCON
  X:0029H         PUBLIC        charge_i_limit
  X:002DH         PUBLIC        ird_data
  D:009FH         PUBLIC        CHPCON
  X:0031H         PUBLIC        bt_volt_00
  X:0035H         PUBLIC        dianchi_qianya_huifu
  X:0039H         PUBLIC        bt_volt_20
  X:003DH         PUBLIC        charge_r_value
  X:0041H         PUBLIC        bt_volt_40
  D:00A5H         PUBLIC        IAPUEN
  X:0045H         PUBLIC        bt_volt_60
  D:00F8H         PUBLIC        SCON_1
  X:0049H         PUBLIC        bt_volt_80
  X:004DH         PUBLIC        ird_status
BL51 BANKED LINKER/LOCATER V6.22                                                      03/26/2019  10:13:42  PAGE 12


  D:00A4H         PUBLIC        IAPTRG
  X:004FH         PUBLIC        dianchi_guoya_baohu
  X:0053H         PUBLIC        shuchu_shortout_voltage
  D:00E8H         PUBLIC        ADCCON0
  D:00C0H         PUBLIC        I2CON
  D:00ECH         PUBLIC        PIF
  X:0057H         PUBLIC        dianchi_guoya_huifu
  X:005BH         PUBLIC        light_pv
  D:00A7H         PUBLIC        IAPAH
  D:00AEH         PUBLIC        IAPFD
  D:00C8H         PUBLIC        T2CON
  D:00A6H         PUBLIC        IAPAL
  X:005FH         PUBLIC        discharge_i_baohu
  D:00AFH         PUBLIC        IAPCN
  X:0063H         PUBLIC        bt_volt_100
  X:0067H         PUBLIC        load_cc_I
  C:3B04H         PUBLIC        _Read_APROM_BYTE
  X:006BH         PUBLIC        Load_Pmax
  D:00E9H         PUBLIC        PICON
  D:00D0H         PUBLIC        PSW
  X:006FH         PUBLIC        light_off_pv_level
  D:00EAH         PUBLIC        PINEN
  X:0073H         PUBLIC        discharge_i_limit
  X:0077H         PUBLIC        page_buffer
  D:00EBH         PUBLIC        PIPEN
  -------         PROC          _READ_APROM_BYTE
  D:0082H         SYMBOL        u16_addr
  -------         DO            
  D:0007H         SYMBOL        rdata
  -------         ENDDO         
  C:3B04H         LINE#         108
  C:3B08H         LINE#         109
  C:3B08H         LINE#         111
  C:3B0BH         LINE#         112
  C:3B0BH         LINE#         113
  -------         ENDPROC       _READ_APROM_BYTE
  C:3303H         SYMBOL        L?0031
  -------         PROC          L?0030
  -------         ENDPROC       L?0030
  C:3303H         SYMBOL        L?0031
  -------         PROC          _WRITE_DATAFLASH_BYTE
  X:022DH         SYMBOL        u16EPAddr
  D:0005H         SYMBOL        u8EPData
  -------         DO            
  D:0004H         SYMBOL        looptmp
  X:022FH         SYMBOL        u16_addrl_r
  D:0006H         SYMBOL        RAMtmp
  -------         ENDDO         
  C:3307H         LINE#         119
  C:330FH         LINE#         120
  C:330FH         LINE#         121
  C:3311H         LINE#         126
  C:3333H         LINE#         128
  C:3335H         LINE#         129
  C:3335H         LINE#         130
  C:3349H         LINE#         131
  C:3355H         LINE#         132
BL51 BANKED LINKER/LOCATER V6.22                                                      03/26/2019  10:13:42  PAGE 13


  C:335AH         LINE#         134
  C:336DH         LINE#         137
  C:3376H         LINE#         138
  C:3379H         LINE#         139
  C:337CH         LINE#         140
  C:338FH         LINE#         141
  C:33A2H         LINE#         142
  C:33A5H         LINE#         143
  C:33B8H         LINE#         146
  C:33CBH         LINE#         147
  C:33DEH         LINE#         148
  C:33E1H         LINE#         149
  C:33E1H         LINE#         150
  C:33E1H         LINE#         151
  C:33EBH         LINE#         152
  C:33EEH         LINE#         153
  C:33FBH         LINE#         154
  C:340EH         LINE#         155
  C:3413H         LINE#         156
  C:3426H         LINE#         157
  C:3439H         LINE#         158
  -------         ENDPROC       _WRITE_DATAFLASH_BYTE
  -------         PROC          READ_PARAM_EEPROM
  -------         DO            
  D:0003H         SYMBOL        byte_l
  -------         ENDDO         
  C:343AH         LINE#         166
  C:343AH         LINE#         167
  C:343AH         LINE#         173
  C:3443H         LINE#         175
  C:3448H         LINE#         176
  C:3448H         LINE#         177
  C:344FH         LINE#         179
  C:3458H         LINE#         181
  C:345BH         LINE#         182
  C:345BH         LINE#         184
  C:3464H         LINE#         186
  C:3469H         LINE#         188
  C:3470H         LINE#         190
  C:3475H         LINE#         192
  C:347FH         LINE#         198
  C:3489H         LINE#         200
  C:3493H         LINE#         202
  C:349DH         LINE#         204
  C:34A7H         LINE#         206
  C:34B1H         LINE#         208
  C:34BBH         LINE#         211
  C:34C5H         LINE#         213
  C:34CFH         LINE#         215
  C:34D9H         LINE#         217
  C:34E3H         LINE#         219
  C:34EDH         LINE#         221
  C:34F7H         LINE#         223
  C:3501H         LINE#         225
  C:350BH         LINE#         227
  C:3515H         LINE#         229
  C:351FH         LINE#         231
BL51 BANKED LINKER/LOCATER V6.22                                                      03/26/2019  10:13:42  PAGE 14


  C:3529H         LINE#         233
  C:3533H         LINE#         235
  C:353DH         LINE#         238
  -------         ENDPROC       READ_PARAM_EEPROM
  -------         PROC          INIT_IRD
  C:3A98H         LINE#         249
  C:3A98H         LINE#         250
  C:3A98H         LINE#         251
  C:3A9EH         LINE#         252
  C:3AA1H         LINE#         253
  C:3AAAH         LINE#         254
  C:3AADH         LINE#         255
  -------         ENDPROC       INIT_IRD
  -------         PROC          _KEY_MENU
  X:0227H         SYMBOL        key_value
  -------         DO            
  D:0003H         SYMBOL        usr_code
  X:022BH         SYMBOL        remote_mac
  -------         ENDDO         
  C:3170H         LINE#         262
  C:3176H         LINE#         263
  C:3176H         LINE#         268
  C:318BH         LINE#         270
  C:31A4H         LINE#         272
  C:31A4H         LINE#         273
  C:31A4H         LINE#         275
  C:31A4H         LINE#         278
  C:31BCH         LINE#         279
  C:31BCH         LINE#         280
  C:31BCH         LINE#         281
  C:31BDH         LINE#         282
  C:31BEH         LINE#         283
  C:31BEH         LINE#         285
  C:31C3H         LINE#         286
  C:31CBH         LINE#         287
  C:31D0H         LINE#         288
  C:31D0H         LINE#         289
  C:31D0H         LINE#         290
  C:31D0H         LINE#         291
  C:31D0H         LINE#         293
  C:31D0H         LINE#         295
  C:31D0H         LINE#         296
  C:31D0H         LINE#         297
  C:31D0H         LINE#         298
  C:31D0H         LINE#         300
  C:31D0H         LINE#         302
  C:31D0H         LINE#         303
  C:31D0H         LINE#         305
  C:31D0H         LINE#         307
  C:31D0H         LINE#         308
  C:31D0H         LINE#         309
  C:31D0H         LINE#         311
  C:31D0H         LINE#         313
  C:31D0H         LINE#         315
  C:31D0H         LINE#         317
  C:31D0H         LINE#         319
  C:31D2H         LINE#         320
BL51 BANKED LINKER/LOCATER V6.22                                                      03/26/2019  10:13:42  PAGE 15


  C:31D2H         LINE#         323
  C:31D8H         LINE#         324
  C:31DFH         LINE#         325
  C:31E4H         LINE#         326
  C:31E5H         LINE#         329
  C:31E5H         LINE#         330
  C:31E5H         LINE#         331
  C:31E5H         LINE#         333
  C:31E5H         LINE#         335
  C:31E5H         LINE#         336
  C:31E5H         LINE#         337
  C:31E5H         LINE#         340
  C:31E5H         LINE#         341
  C:31E5H         LINE#         342
  C:31E5H         LINE#         343
  C:31E5H         LINE#         345
  C:31E5H         LINE#         347
  C:31E5H         LINE#         348
  C:31E5H         LINE#         349
  C:31E5H         LINE#         350
  C:31E5H         LINE#         352
  C:31E5H         LINE#         354
  C:31E5H         LINE#         356
  C:31E5H         LINE#         358
  C:31E7H         LINE#         359
  C:31E7H         LINE#         361
  C:31EDH         LINE#         362
  C:31F5H         LINE#         363
  C:31FAH         LINE#         364
  C:31FEH         LINE#         366
  C:31FFH         LINE#         367
  C:31FFH         LINE#         368
  C:31FFH         LINE#         370
  C:31FFH         LINE#         372
  C:31FFH         LINE#         373
  C:31FFH         LINE#         374
  C:31FFH         LINE#         376
  C:31FFH         LINE#         378
  C:31FFH         LINE#         380
  C:31FFH         LINE#         382
  C:31FFH         LINE#         384
  C:31FFH         LINE#         386
  C:31FFH         LINE#         387
  C:31FFH         LINE#         388
  C:31FFH         LINE#         389
  C:31FFH         LINE#         391
  C:31FFH         LINE#         393
  C:31FFH         LINE#         395
  C:31FFH         LINE#         397
  C:3201H         LINE#         398
  C:3201H         LINE#         401
  C:3207H         LINE#         403
  C:320CH         LINE#         407
  C:320FH         LINE#         409
  C:3215H         LINE#         410
  C:3215H         LINE#         411
  C:3219H         LINE#         412
BL51 BANKED LINKER/LOCATER V6.22                                                      03/26/2019  10:13:42  PAGE 16


  C:321DH         LINE#         413
  C:3221H         LINE#         415
  C:3223H         LINE#         417
  C:3226H         LINE#         418
  C:3228H         LINE#         419
  C:322EH         LINE#         421
  C:3230H         LINE#         423
  C:3233H         LINE#         425
  C:323AH         LINE#         427
  C:3241H         LINE#         429
  C:3247H         LINE#         431
  C:324AH         LINE#         432
  C:324CH         LINE#         433
  C:3252H         LINE#         435
  C:3252H         LINE#         437
  C:3252H         LINE#         439
  C:3252H         LINE#         441
  C:3252H         LINE#         442
  C:3255H         LINE#         443
  C:3260H         LINE#         444
  C:3260H         LINE#         445
  C:3264H         LINE#         446
  C:3268H         LINE#         447
  C:326CH         LINE#         449
  C:326EH         LINE#         451
  C:3271H         LINE#         453
  C:3277H         LINE#         454
  C:327EH         LINE#         455
  C:3280H         LINE#         456
  C:3283H         LINE#         458
  C:328AH         LINE#         460
  C:3291H         LINE#         462
  C:3297H         LINE#         464
  C:329EH         LINE#         466
  C:32A5H         LINE#         468
  C:32ACH         LINE#         470
  C:32B2H         LINE#         472
  C:32B9H         LINE#         474
  C:32C0H         LINE#         476
  C:32C7H         LINE#         478
  C:32CDH         LINE#         479
  C:32D0H         LINE#         480
  C:32D2H         LINE#         481
  C:32D8H         LINE#         482
  C:32DFH         LINE#         484
  C:32E4H         LINE#         486
  C:32EEH         LINE#         488
  C:32F8H         LINE#         490
  C:3302H         LINE#         491
  C:3302H         LINE#         492
  C:3302H         LINE#         493
  C:3302H         LINE#         494
  C:3302H         LINE#         496
  -------         ENDPROC       _KEY_MENU
  -------         ENDMOD        IRD_REMOTE

  -------         MODULE        LED
BL51 BANKED LINKER/LOCATER V6.22                                                      03/26/2019  10:13:42  PAGE 17


  C:0000H         SYMBOL        _ICE_DUMMY_
  D:0080H         PUBLIC        P0
  D:0090H         PUBLIC        P1
  D:00A0H         PUBLIC        P2
  D:00B0H         PUBLIC        P3
  D:00D8H         PUBLIC        PWMCON0
  D:00A8H         PUBLIC        IE
  D:00B8H         PUBLIC        IP
  D:0098H         PUBLIC        SCON
  D:0088H         PUBLIC        TCON
  D:00F8H         PUBLIC        SCON_1
  C:003AH         PUBLIC        init_led
  D:00E8H         PUBLIC        ADCCON0
  D:00C0H         PUBLIC        I2CON
  D:00C8H         PUBLIC        T2CON
  D:00D0H         PUBLIC        PSW
  -------         PROC          INIT_LED
  C:003AH         LINE#         31
  C:003AH         LINE#         32
  C:003AH         LINE#         34
  -------         ENDPROC       INIT_LED
  -------         ENDMOD        LED

  -------         MODULE        MAIN
  C:0000H         SYMBOL        _ICE_DUMMY_
  D:00B1H         PUBLIC        P0M1
  D:00B3H         PUBLIC        P1M1
  D:00B2H         PUBLIC        P0M2
  D:0080H         PUBLIC        P0
  D:00B4H         PUBLIC        P1M2
  D:0090H         PUBLIC        P1
  D:00ACH         PUBLIC        P3M1
  D:00A0H         PUBLIC        P2
  D:00B0H         PUBLIC        P3
  D:00ADH         PUBLIC        P3M2
  D:009CH         PUBLIC        EIE1
  B:00A8H.7       PUBLIC        EA
  D:00D8H         PUBLIC        PWMCON0
  C:3B2CH         PUBLIC        middle_init
  X:023EH         PUBLIC        sys_clk_freq
  D:00A8H         PUBLIC        IE
  D:0096H         PUBLIC        CKSWT
  D:00C7H         PUBLIC        TA
  D:00B8H         PUBLIC        IP
  X:0242H         PUBLIC        handle_scan_key_flag
  D:0097H         PUBLIC        CKEN
  C:3748H         PUBLIC        main
  C:3AC4H         PUBLIC        driver_init
  C:353EH         PUBLIC        application_init
  B:0090H.3       PUBLIC        P13
  D:0098H         PUBLIC        SCON
  B:0080H.5       PUBLIC        P05
  B:0090H.4       PUBLIC        P14
  D:0088H         PUBLIC        TCON
  B:0090H.5       PUBLIC        P15
  D:009FH         PUBLIC        CHPCON
  D:00A5H         PUBLIC        IAPUEN
BL51 BANKED LINKER/LOCATER V6.22                                                      03/26/2019  10:13:42  PAGE 18


  D:00F8H         PUBLIC        SCON_1
  D:00A4H         PUBLIC        IAPTRG
  B:0088H.7       PUBLIC        TF1
  D:008DH         PUBLIC        TH1
  X:0243H         PUBLIC        have_person1_flag
  D:008BH         PUBLIC        TL1
  C:36A2H         PUBLIC        Check_WDT_Reset_Config
  X:0244H         PUBLIC        run_index
  D:009BH         PUBLIC        EIE
  B:0088H.6       PUBLIC        TR1
  D:00E8H         PUBLIC        ADCCON0
  D:00C0H         PUBLIC        I2CON
  C:37CAH         PUBLIC        init_osc
  C:38B5H         PUBLIC        init_port
  D:00ECH         PUBLIC        PIF
  D:00A7H         PUBLIC        IAPAH
  D:00AEH         PUBLIC        IAPFD
  D:00C8H         PUBLIC        T2CON
  D:00C4H         PUBLIC        T3CON
  D:00A6H         PUBLIC        IAPAL
  D:00AFH         PUBLIC        IAPCN
  D:008EH         PUBLIC        CKCON
  X:0245H         PUBLIC        scan_key_time_count
  X:0246H         PUBLIC        have_person1_time_count
  D:00E9H         PUBLIC        PICON
  D:00D0H         PUBLIC        PSW
  D:00EAH         PUBLIC        PINEN
  D:00AAH         PUBLIC        WDCON
  D:00EBH         PUBLIC        PIPEN
  -------         PROC          CHECK_WDT_RESET_CONFIG
  C:36A2H         LINE#         58
  C:36A2H         LINE#         59
  C:36A2H         LINE#         60
  C:36B5H         LINE#         61
  C:36B8H         LINE#         62
  C:36BBH         LINE#         63
  C:36BEH         LINE#         64
  C:36C1H         LINE#         65
  C:36D4H         LINE#         66
  C:36DCH         LINE#         67
  C:36DCH         LINE#         68
  C:36DFH         LINE#         69
  C:36E2H         LINE#         70
  C:36F5H         LINE#         71
  C:36FAH         LINE#         72
  C:370DH         LINE#         73
  C:3720H         LINE#         74
  C:3722H         LINE#         75
  C:3725H         LINE#         76
  C:3728H         LINE#         77
  C:372BH         LINE#         78
  C:372EH         LINE#         79
  C:3731H         LINE#         80
  C:3734H         LINE#         81
  C:3734H         LINE#         82
  C:3747H         LINE#         83
  -------         ENDPROC       CHECK_WDT_RESET_CONFIG
BL51 BANKED LINKER/LOCATER V6.22                                                      03/26/2019  10:13:42  PAGE 19


  -------         PROC          INIT_OSC
  C:37CAH         LINE#         93
  C:37CAH         LINE#         94
  C:37CAH         LINE#         96
  C:37DDH         LINE#         97
  C:37E2H         LINE#         98
  C:37F5H         LINE#         99
  C:3808H         LINE#         100
  C:380DH         LINE#         103
  C:3810H         LINE#         105
  C:3819H         LINE#         106
  C:382CH         LINE#         107
  C:3833H         LINE#         110
  C:3836H         LINE#         111
  C:3838H         LINE#         112
  C:383AH         LINE#         113
  C:383CH         LINE#         115
  -------         ENDPROC       INIT_OSC
  -------         PROC          INIT_PORT
  C:38B5H         LINE#         129
  C:38B5H         LINE#         130
  C:38B5H         LINE#         131
  C:38C2H         LINE#         133
  C:38CAH         LINE#         134
  C:38CCH         LINE#         135
  C:38D2H         LINE#         136
  C:38D8H         LINE#         138
  C:38DEH         LINE#         139
  C:38E0H         LINE#         141
  C:38E6H         LINE#         142
  C:38ECH         LINE#         144
  C:38F2H         LINE#         146
  C:38F5H         LINE#         147
  C:38FEH         LINE#         150
  C:3904H         LINE#         152
  C:390AH         LINE#         154
  C:390DH         LINE#         155
  C:3916H         LINE#         158
  C:391CH         LINE#         160
  C:3922H         LINE#         161
  C:3924H         LINE#         163
  -------         ENDPROC       INIT_PORT
  -------         PROC          DRIVER_INIT
  C:3AC4H         LINE#         174
  C:3AC4H         LINE#         175
  C:3AC4H         LINE#         176
  C:3AC7H         LINE#         178
  C:3ACAH         LINE#         180
  C:3ACDH         LINE#         182
  C:3AD0H         LINE#         184
  C:3AD3H         LINE#         186
  C:3AD6H         LINE#         188
  -------         ENDPROC       DRIVER_INIT
  -------         PROC          MIDDLE_INIT
  C:3B2CH         LINE#         201
  C:3B2CH         LINE#         202
  C:3B2CH         LINE#         203
BL51 BANKED LINKER/LOCATER V6.22                                                      03/26/2019  10:13:42  PAGE 20


  -------         ENDPROC       MIDDLE_INIT
  -------         PROC          APPLICATION_INIT
  C:353EH         LINE#         214
  C:353EH         LINE#         215
  C:353EH         LINE#         217
  C:3544H         LINE#         221
  C:3548H         LINE#         223
  C:354CH         LINE#         225
  C:3550H         LINE#         227
  C:3554H         LINE#         231
  C:3558H         LINE#         235
  C:3560H         LINE#         237
  C:356AH         LINE#         239
  C:3574H         LINE#         241
  C:357EH         LINE#         243
  C:35B1H         LINE#         245
  C:35B6H         LINE#         247
  C:35BCH         LINE#         248
  C:35C2H         LINE#         249
  C:35C8H         LINE#         250
  C:35CEH         LINE#         252
  C:35D2H         LINE#         254
  C:35E5H         LINE#         255
  C:35E8H         LINE#         256
  C:35EBH         LINE#         257
  C:35EEH         LINE#         258
  C:35F0H         LINE#         259
  C:35F3H         LINE#         260
  C:35F5H         LINE#         329
  -------         ENDPROC       APPLICATION_INIT
  -------         PROC          MAIN
  C:3748H         LINE#         337
  C:3748H         LINE#         338
  C:3748H         LINE#         339
  C:374BH         LINE#         341
  C:374EH         LINE#         343
  C:3751H         LINE#         347
  C:3751H         LINE#         348
  C:3751H         LINE#         349
  C:3764H         LINE#         351
  C:376BH         LINE#         352
  C:376BH         LINE#         353
  C:376EH         LINE#         354
  C:376EH         LINE#         355
  C:3775H         LINE#         357
  C:377AH         LINE#         358
  C:377AH         LINE#         360
  C:377FH         LINE#         361
  C:377FH         LINE#         363
  C:378BH         LINE#         364
  C:378BH         LINE#         365
  C:379CH         LINE#         367
  C:37A3H         LINE#         369
  C:37A9H         LINE#         371
  C:37B3H         LINE#         373
  C:37B5H         LINE#         375
  C:37B8H         LINE#         376
BL51 BANKED LINKER/LOCATER V6.22                                                      03/26/2019  10:13:42  PAGE 21


  C:37BAH         LINE#         378
  C:37BCH         LINE#         380
  C:37C2H         LINE#         381
  C:37C2H         LINE#         384
  C:37C5H         LINE#         386
  C:37C8H         LINE#         388
  -------         ENDPROC       MAIN
  -------         ENDMOD        MAIN

  -------         MODULE        PID
  C:0000H         SYMBOL        _ICE_DUMMY_
  D:0080H         PUBLIC        P0
  D:0090H         PUBLIC        P1
  D:00A0H         PUBLIC        P2
  D:00B0H         PUBLIC        P3
  D:00D8H         PUBLIC        PWMCON0
  D:00A8H         PUBLIC        IE
  D:00B8H         PUBLIC        IP
  C:15A7H         PUBLIC        _pid_calc
  D:0098H         PUBLIC        SCON
  D:0088H         PUBLIC        TCON
  D:00F8H         PUBLIC        SCON_1
  C:0079H         PUBLIC        _pid_init
  X:020BH         PUBLIC        PID_CC_discharge
  D:00E8H         PUBLIC        ADCCON0
  D:00C0H         PUBLIC        I2CON
  D:00C8H         PUBLIC        T2CON
  D:00D0H         PUBLIC        PSW
  -------         PROC          _PID_CALC
  X:022BH         SYMBOL        pp
  D:0002H         SYMBOL        NowPoint
  -------         DO            
  X:022EH         SYMBOL        PWM_var
  X:0232H         SYMBOL        dError
  X:0236H         SYMBOL        Error
  X:023AH         SYMBOL        dk
  -------         ENDDO         
  C:15A7H         LINE#         26
  C:15B6H         LINE#         27
  C:15B6H         LINE#         34
  C:15C0H         LINE#         36
  C:15F3H         LINE#         38
  C:15FBH         LINE#         39
  C:15FBH         LINE#         40
  C:162EH         LINE#         41
  C:162EH         LINE#         42
  C:162EH         LINE#         43
  C:1631H         LINE#         44
  C:164BH         LINE#         45
  C:164BH         LINE#         46
  C:164BH         LINE#         47
  C:164EH         LINE#         48
  C:166DH         LINE#         49
  C:166DH         LINE#         50
  C:166DH         LINE#         51
  C:166DH         LINE#         52
  C:166FH         LINE#         54
BL51 BANKED LINKER/LOCATER V6.22                                                      03/26/2019  10:13:42  PAGE 22


  C:166FH         LINE#         55
  C:1677H         LINE#         56
  C:1677H         LINE#         58
  C:16ACH         LINE#         59
  C:16ACH         LINE#         60
  C:16ACH         LINE#         61
  C:16AFH         LINE#         62
  C:16C8H         LINE#         63
  C:16C8H         LINE#         64
  C:16C8H         LINE#         65
  C:16CAH         LINE#         66
  C:16E1H         LINE#         67
  C:16E1H         LINE#         68
  C:16E1H         LINE#         69
  C:16E1H         LINE#         71
  C:16E1H         LINE#         72
  C:16EBH         LINE#         73
  C:16EBH         LINE#         75
  C:16EEH         LINE#         76
  C:16F9H         LINE#         77
  C:16F9H         LINE#         78
  C:172EH         LINE#         79
  C:172EH         LINE#         80
  C:1738H         LINE#         81
  C:173AH         LINE#         82
  C:176EH         LINE#         83
  C:176EH         LINE#         84
  C:1778H         LINE#         85
  C:1778H         LINE#         86
  C:1778H         LINE#         88
  C:1778H         LINE#         91
  C:17ABH         LINE#         95
  C:17E0H         LINE#         96
  C:1811H         LINE#         98
  C:184CH         LINE#         100
  C:1863H         LINE#         102
  C:1877H         LINE#         104
  C:1907H         LINE#         107
  C:1979H         LINE#         108
  C:1979H         LINE#         109
  C:1982H         LINE#         110
  C:1982H         LINE#         111
  C:19A5H         LINE#         112
  C:19A5H         LINE#         113
  C:19C0H         LINE#         114
  C:19DEH         LINE#         115
  C:19E1H         LINE#         117
  C:19E1H         LINE#         118
  C:19FFH         LINE#         119
  C:1A1FH         LINE#         120
  C:1A1FH         LINE#         121
  C:1A22H         LINE#         123
  C:1A22H         LINE#         124
  C:1A48H         LINE#         125
  C:1A70H         LINE#         126
  C:1A70H         LINE#         128
  C:1A73H         LINE#         129
BL51 BANKED LINKER/LOCATER V6.22                                                      03/26/2019  10:13:42  PAGE 23


  C:1AACH         LINE#         130
  C:1AACH         LINE#         131
  C:1AB5H         LINE#         132
  C:1AB5H         LINE#         133
  C:1AD8H         LINE#         134
  C:1AD8H         LINE#         135
  C:1AF4H         LINE#         136
  C:1B13H         LINE#         137
  C:1B16H         LINE#         139
  C:1B16H         LINE#         140
  C:1B34H         LINE#         141
  C:1B54H         LINE#         142
  C:1B54H         LINE#         143
  C:1B57H         LINE#         145
  C:1B57H         LINE#         146
  C:1B7EH         LINE#         147
  C:1BA7H         LINE#         148
  C:1BA7H         LINE#         149
  C:1BAAH         LINE#         151
  C:1BAAH         LINE#         152
  C:1BB3H         LINE#         153
  C:1BB3H         LINE#         154
  C:1BB9H         LINE#         155
  C:1BB9H         LINE#         156
  C:1BD7H         LINE#         157
  C:1BF7H         LINE#         158
  C:1BFAH         LINE#         160
  C:1BFAH         LINE#         161
  C:1C16H         LINE#         162
  C:1C34H         LINE#         163
  C:1C34H         LINE#         165
  C:1C37H         LINE#         167
  C:1C37H         LINE#         168
  C:1C3DH         LINE#         169
  C:1C3DH         LINE#         170
  C:1C64H         LINE#         171
  C:1C8BH         LINE#         172
  C:1C8DH         LINE#         174
  C:1C8DH         LINE#         175
  C:1CB2H         LINE#         176
  C:1CD7H         LINE#         177
  C:1CD7H         LINE#         178
  C:1CD7H         LINE#         180
  C:1CD7H         LINE#         183
  C:1CE5H         LINE#         184
  -------         ENDPROC       _PID_CALC
  -------         PROC          _PID_INIT
  D:0001H         SYMBOL        pp
  C:0079H         LINE#         192
  C:0079H         LINE#         193
  C:0079H         LINE#         194
  -------         ENDPROC       _PID_INIT
  -------         ENDMOD        PID

  -------         MODULE        PWM
  C:0000H         SYMBOL        _ICE_DUMMY_
  D:00B3H         PUBLIC        P1M1
BL51 BANKED LINKER/LOCATER V6.22                                                      03/26/2019  10:13:42  PAGE 24


  D:0080H         PUBLIC        P0
  D:00B4H         PUBLIC        P1M2
  D:0090H         PUBLIC        P1
  D:00A0H         PUBLIC        P2
  D:00B0H         PUBLIC        P3
  B:00A8H.7       PUBLIC        EA
  D:00D8H         PUBLIC        PWMCON0
  D:00DFH         PUBLIC        PWMCON1
  D:00D1H         PUBLIC        PWMPH
  D:00A8H         PUBLIC        IE
  D:00D9H         PUBLIC        PWMPL
  D:00C7H         PUBLIC        TA
  D:00B8H         PUBLIC        IP
  B:00D8H.6       PUBLIC        LOAD
  D:0098H         PUBLIC        SCON
  D:0088H         PUBLIC        TCON
  B:0090H.5       PUBLIC        P15
  B:00D8H.5       PUBLIC        PWMF
  D:0091H         PUBLIC        SFRS
  D:00F8H         PUBLIC        SCON_1
  C:39FCH         PUBLIC        _Set_Bost_Pwm_Duty
  C:3AEAH         PUBLIC        Disable_Bost_Pwm
  B:00D8H.4       PUBLIC        CLRPWM
  D:00E8H         PUBLIC        ADCCON0
  C:3AF9H         PUBLIC        Enable_Bost_Pwm
  D:00C0H         PUBLIC        I2CON
  D:00C8H         PUBLIC        T2CON
  B:00D8H.7       PUBLIC        PWMRUN
  C:3993H         PUBLIC        init_pwm
  D:00D6H         PUBLIC        PNP
  D:008EH         PUBLIC        CKCON
  X:0250H         PUBLIC        bost_pwm_value
  D:00C5H         PUBLIC        PWM5H
  D:00CDH         PUBLIC        PWM5L
  D:00D0H         PUBLIC        PSW
  D:00C6H         PUBLIC        PIOCON1
  -------         PROC          INIT_PWM
  C:3993H         LINE#         29
  C:3993H         LINE#         30
  C:3993H         LINE#         31
  C:3999H         LINE#         33
  C:399CH         LINE#         35
  C:39BBH         LINE#         37
  C:39BEH         LINE#         39
  C:39C1H         LINE#         41
  C:39C4H         LINE#         43
  C:39C7H         LINE#         44
  C:39CAH         LINE#         46
  C:39CCH         LINE#         48
  C:39DFH         LINE#         49
  C:39E2H         LINE#         50
  C:39E4H         LINE#         51
  C:39F7H         LINE#         53
  C:39F9H         LINE#         55
  C:39FBH         LINE#         56
  -------         ENDPROC       INIT_PWM
  -------         PROC          ENABLE_BOST_PWM
BL51 BANKED LINKER/LOCATER V6.22                                                      03/26/2019  10:13:42  PAGE 25


  C:3AF9H         LINE#         64
  C:3AF9H         LINE#         65
  C:3AF9H         LINE#         66
  C:3AFFH         LINE#         68
  C:3B01H         LINE#         70
  C:3B03H         LINE#         71
  -------         ENDPROC       ENABLE_BOST_PWM
  -------         PROC          DISABLE_BOST_PWM
  C:3AEAH         LINE#         81
  C:3AEAH         LINE#         82
  C:3AEAH         LINE#         83
  C:3AF0H         LINE#         85
  C:3AF2H         LINE#         87
  C:3AF8H         LINE#         90
  -------         ENDPROC       DISABLE_BOST_PWM
  -------         PROC          _SET_BOST_PWM_DUTY
  D:0004H         SYMBOL        dduty
  C:39FCH         LINE#         99
  C:3A00H         LINE#         100
  C:3A00H         LINE#         101
  C:3A08H         LINE#         104
  C:3A10H         LINE#         105
  C:3A10H         LINE#         106
  C:3A23H         LINE#         107
  C:3A28H         LINE#         108
  C:3A2AH         LINE#         109
  C:3A2AH         LINE#         110
  C:3A2CH         LINE#         112
  C:3A2CH         LINE#         113
  C:3A2EH         LINE#         115
  C:3A41H         LINE#         116
  C:3A46H         LINE#         117
  C:3A49H         LINE#         118
  C:3A5CH         LINE#         119
  C:3A5CH         LINE#         121
  C:3A5EH         LINE#         123
  -------         ENDPROC       _SET_BOST_PWM_DUTY
  -------         ENDMOD        PWM

  -------         MODULE        TASK
  C:0000H         SYMBOL        _ICE_DUMMY_
  D:00F6H         PUBLIC        AINDIDS
  D:00B1H         PUBLIC        P0M1
  D:00B3H         PUBLIC        P1M1
  D:00B2H         PUBLIC        P0M2
  D:0080H         PUBLIC        P0
  D:00B4H         PUBLIC        P1M2
  D:0090H         PUBLIC        P1
  D:00A0H         PUBLIC        P2
  X:0183H         PUBLIC        load_voltage_status
  D:00B0H         PUBLIC        P3
  X:0184H         PUBLIC        pv_time_count
  D:00D8H         PUBLIC        PWMCON0
  X:0188H         PUBLIC        charge_led_status
  D:00A8H         PUBLIC        IE
  B:00E8H.7       PUBLIC        ADCF
  X:0189H         PUBLIC        involid_time_count
BL51 BANKED LINKER/LOCATER V6.22                                                      03/26/2019  10:13:42  PAGE 26


  D:00B8H         PUBLIC        IP
  X:018BH         PUBLIC        mcu_t00_time_count
  X:018CH         PUBLIC        mcu_t01_time_count
  B:00E8H.6       PUBLIC        ADCS
  X:018DH         PUBLIC        mcu_t02_time_count
  X:018EH         PUBLIC        system_check_time
  X:018FH         PUBLIC        mcu_t03_time_count
  X:0190H         PUBLIC        PWM_I
  X:0194H         PUBLIC        t1
  X:0195H         PUBLIC        t2
  X:0196H         PUBLIC        t3
  X:0197H         PUBLIC        t4
  X:0198H         PUBLIC        t5
  X:0199H         PUBLIC        light_time_level
  X:019DH         PUBLIC        discharge_index
  X:019EH         PUBLIC        temper_time_count
  X:019FH         PUBLIC        system_status
  C:0086H         PUBLIC        handle_ad_loop
  D:0098H         PUBLIC        SCON
  B:0080H.5       PUBLIC        P05
  B:0090H.4       PUBLIC        P14
  D:0088H         PUBLIC        TCON
  X:01A0H         PUBLIC        pid_index
  X:01A1H         PUBLIC        night_time_count
  C:2417H         PUBLIC        _start_ad_convert
  D:00F8H         PUBLIC        SCON_1
  X:01A5H         PUBLIC        pv_voltage_status
  X:01A6H         PUBLIC        system_time_count
  X:01A8H         PUBLIC        nop_index
  X:01A9H         PUBLIC        mppt_status
  X:01AAH         PUBLIC        work_mode
  X:01ABH         PUBLIC        x_v
  X:01AFH         PUBLIC        y_v
  X:01B3H         PUBLIC        limit_power_pid_flag
  X:01B4H         PUBLIC        sys_temper_flag
  X:01B5H         PUBLIC        over_temper_time_count
  X:01B6H         PUBLIC        discharge_led_status
  X:01B7H         PUBLIC        battery_low_time_count
  X:01B9H         PUBLIC        load_short_time_count
  X:01BBH         PUBLIC        Adjust_Pout_Flag
  X:01BCH         PUBLIC        load_open_time_count
  D:00E8H         PUBLIC        ADCCON0
  X:01BEH         PUBLIC        mcu_temp_index
  D:00E1H         PUBLIC        ADCCON1
  D:00C0H         PUBLIC        I2CON
  X:01BFH         PUBLIC        day_time_count
  X:01C3H         PUBLIC        over_load_time_count
  X:01C5H         PUBLIC        battery_voltage_status
  X:01C6H         PUBLIC        voltage_adjust_index
  X:01C7H         PUBLIC        pv_index
  X:01C8H         PUBLIC        mppt_time_count
  D:00C3H         PUBLIC        ADCRH
  D:00C8H         PUBLIC        T2CON
  D:00C2H         PUBLIC        ADCRL
  X:01CAH         PUBLIC        index_01_count
  X:01CCH         PUBLIC        charge_index
  C:2D5CH         PUBLIC        handle_task_process
BL51 BANKED LINKER/LOCATER V6.22                                                      03/26/2019  10:13:42  PAGE 27


  X:01CDH         PUBLIC        index_02_count
  X:01CFH         PUBLIC        index_03_count
  X:01D1H         PUBLIC        index_04_count
  X:01D3H         PUBLIC        index_05_count
  X:01D5H         PUBLIC        index_06_count
  X:01D7H         PUBLIC        PWM
  X:01DBH         PUBLIC        cv_level_time_count
  X:01DDH         PUBLIC        bt_time_count
  X:01DEH         PUBLIC        bt_led_status
  X:01DFH         PUBLIC        bt_prev
  D:00D0H         PUBLIC        PSW
  -------         PROC          HANDLE_AD_LOOP
  -------         DO            
  X:0227H         SYMBOL        data_cc_var
  -------         ENDDO         
  C:0086H         LINE#         126
  C:0086H         LINE#         127
  C:0086H         LINE#         130
  C:008DH         LINE#         131
  C:008DH         LINE#         132
  C:008FH         LINE#         133
  C:008FH         LINE#         135
  C:0097H         LINE#         136
  C:0097H         LINE#         138
  C:00A4H         LINE#         140
  C:00B7H         LINE#         141
  C:00B7H         LINE#         142
  C:00BDH         LINE#         144
  C:00C2H         LINE#         146
  C:00CBH         LINE#         147
  C:00CBH         LINE#         148
  C:00CDH         LINE#         150
  C:00D2H         LINE#         151
  C:00D2H         LINE#         152
  C:00D4H         LINE#         154
  C:00D4H         LINE#         155
  C:00DAH         LINE#         157
  C:00DFH         LINE#         159
  C:00E8H         LINE#         160
  C:00E8H         LINE#         161
  C:00EAH         LINE#         163
  C:00EEH         LINE#         164
  C:00EEH         LINE#         165
  C:00EEH         LINE#         167
  C:00F3H         LINE#         169
  C:00F3H         LINE#         171
  C:00FEH         LINE#         172
  C:00FEH         LINE#         173
  C:010BH         LINE#         174
  C:0118H         LINE#         175
  C:0135H         LINE#         176
  C:015DH         LINE#         177
  C:0181H         LINE#         178
  C:0181H         LINE#         179
  C:01BAH         LINE#         180
  C:01D8H         LINE#         181
  C:01F7H         LINE#         182
BL51 BANKED LINKER/LOCATER V6.22                                                      03/26/2019  10:13:42  PAGE 28


  C:0219H         LINE#         183
  C:0219H         LINE#         184
  C:023CH         LINE#         186
  C:025AH         LINE#         188
  C:0277H         LINE#         190
  C:029AH         LINE#         192
  C:02C2H         LINE#         194
  C:02E7H         LINE#         195
  C:0302H         LINE#         196
  C:0302H         LINE#         197
  C:0302H         LINE#         198
  C:0302H         LINE#         199
  C:0305H         LINE#         201
  C:0305H         LINE#         202
  C:0328H         LINE#         204
  C:0346H         LINE#         206
  C:0363H         LINE#         208
  C:0386H         LINE#         210
  C:03AEH         LINE#         212
  C:03D3H         LINE#         214
  C:03EBH         LINE#         215
  C:03EBH         LINE#         216
  C:03F5H         LINE#         217
  C:03F5H         LINE#         218
  C:03F5H         LINE#         220
  C:0423H         LINE#         221
  C:0425H         LINE#         223
  C:0425H         LINE#         224
  C:042FH         LINE#         225
  C:042FH         LINE#         230
  C:0438H         LINE#         231
  C:0438H         LINE#         232
  C:0457H         LINE#         233
  C:0457H         LINE#         234
  C:0476H         LINE#         236
  C:0480H         LINE#         238
  C:04A5H         LINE#         239
  C:04A5H         LINE#         240
  C:04AFH         LINE#         242
  C:04B5H         LINE#         244
  C:04B5H         LINE#         246
  C:04B8H         LINE#         247
  C:04D7H         LINE#         248
  C:04D7H         LINE#         249
  C:04F6H         LINE#         251
  C:0500H         LINE#         253
  C:0522H         LINE#         254
  C:0522H         LINE#         255
  C:052CH         LINE#         257
  C:0531H         LINE#         259
  C:0531H         LINE#         260
  C:0533H         LINE#         262
  C:0533H         LINE#         263
  C:053DH         LINE#         265
  C:0547H         LINE#         266
  C:0547H         LINE#         267
  C:0547H         LINE#         269
BL51 BANKED LINKER/LOCATER V6.22                                                      03/26/2019  10:13:42  PAGE 29


  C:0577H         LINE#         270
  C:0577H         LINE#         271
  C:0596H         LINE#         273
  C:05B8H         LINE#         274
  C:05B8H         LINE#         275
  C:05C2H         LINE#         277
  C:05C8H         LINE#         279
  C:05D2H         LINE#         281
  C:05DCH         LINE#         283
  C:05E2H         LINE#         285
  C:05E2H         LINE#         287
  C:05E4H         LINE#         288
  C:05F6H         LINE#         289
  C:05F6H         LINE#         290
  C:05FDH         LINE#         292
  C:0602H         LINE#         293
  C:0604H         LINE#         295
  C:0604H         LINE#         296
  C:060BH         LINE#         298
  C:060BH         LINE#         300
  C:0616H         LINE#         301
  C:0616H         LINE#         302
  C:0635H         LINE#         303
  C:0635H         LINE#         304
  C:0654H         LINE#         306
  C:0676H         LINE#         307
  C:0676H         LINE#         308
  C:0680H         LINE#         310
  C:0686H         LINE#         312
  C:068BH         LINE#         313
  C:068BH         LINE#         315
  C:068DH         LINE#         317
  C:068DH         LINE#         318
  C:0697H         LINE#         319
  C:0697H         LINE#         321
  C:0697H         LINE#         323
  C:069CH         LINE#         324
  C:069CH         LINE#         326
  C:06A3H         LINE#         327
  C:06A3H         LINE#         328
  C:06AAH         LINE#         330
  C:06B1H         LINE#         331
  C:06B1H         LINE#         332
  C:06B2H         LINE#         333
  C:06B2H         LINE#         335
  C:06B7H         LINE#         337
  C:06B7H         LINE#         339
  C:06C2H         LINE#         340
  C:06C2H         LINE#         341
  C:06CFH         LINE#         343
  C:06EBH         LINE#         344
  C:06EBH         LINE#         345
  C:06F1H         LINE#         347
  C:06F7H         LINE#         348
  C:06F7H         LINE#         349
  C:06F9H         LINE#         351
  C:06FCH         LINE#         353
BL51 BANKED LINKER/LOCATER V6.22                                                      03/26/2019  10:13:42  PAGE 30


  C:06FFH         LINE#         355
  C:06FFH         LINE#         356
  C:06FFH         LINE#         358
  C:0701H         LINE#         359
  C:0725H         LINE#         360
  C:0725H         LINE#         361
  C:072AH         LINE#         363
  C:072EH         LINE#         365
  C:0732H         LINE#         366
  C:0732H         LINE#         368
  C:075AH         LINE#         369
  C:075AH         LINE#         371
  C:075DH         LINE#         373
  C:0763H         LINE#         375
  C:0765H         LINE#         377
  C:0768H         LINE#         378
  C:0790H         LINE#         379
  C:0790H         LINE#         381
  C:0795H         LINE#         383
  C:0797H         LINE#         385
  C:079AH         LINE#         386
  C:07C4H         LINE#         387
  C:07C4H         LINE#         389
  C:07EEH         LINE#         390
  C:07EEH         LINE#         391
  C:07FCH         LINE#         393
  C:080BH         LINE#         394
  C:080BH         LINE#         395
  C:080FH         LINE#         400
  C:080FH         LINE#         402
  C:080FH         LINE#         404
  C:0816H         LINE#         406
  C:0818H         LINE#         407
  C:0843H         LINE#         408
  C:0843H         LINE#         409
  C:0851H         LINE#         411
  C:0860H         LINE#         412
  C:0860H         LINE#         413
  C:0864H         LINE#         415
  C:0869H         LINE#         416
  C:0869H         LINE#         417
  C:086FH         LINE#         419
  C:0871H         LINE#         423
  C:0876H         LINE#         425
  C:0878H         LINE#         426
  C:0878H         LINE#         427
  C:0878H         LINE#         428
  C:0878H         LINE#         430
  C:087DH         LINE#         432
  C:087DH         LINE#         434
  C:0888H         LINE#         435
  C:0888H         LINE#         436
  C:088EH         LINE#         438
  C:0899H         LINE#         439
  C:0899H         LINE#         440
  C:08A6H         LINE#         443
  C:08E3H         LINE#         444
BL51 BANKED LINKER/LOCATER V6.22                                                      03/26/2019  10:13:42  PAGE 31


  C:08E3H         LINE#         445
  C:08F1H         LINE#         447
  C:0903H         LINE#         448
  C:0903H         LINE#         449
  C:0907H         LINE#         451
  C:090DH         LINE#         453
  C:0912H         LINE#         455
  C:0917H         LINE#         457
  C:091DH         LINE#         459
  C:0920H         LINE#         461
  C:0922H         LINE#         463
  C:0924H         LINE#         464
  C:0924H         LINE#         466
  C:0924H         LINE#         467
  C:09A9H         LINE#         468
  C:09A9H         LINE#         469
  C:09B7H         LINE#         471
  C:09C6H         LINE#         472
  C:09C6H         LINE#         473
  C:09CAH         LINE#         475
  C:09D0H         LINE#         477
  C:09D7H         LINE#         479
  C:09DCH         LINE#         481
  C:09E1H         LINE#         483
  C:09E7H         LINE#         485
  C:09EAH         LINE#         487
  C:09ECH         LINE#         489
  C:09EEH         LINE#         490
  C:09EEH         LINE#         492
  C:09EEH         LINE#         494
  C:09EEH         LINE#         495
  C:09F5H         LINE#         496
  C:09F5H         LINE#         498
  C:0A1CH         LINE#         499
  C:0A1CH         LINE#         500
  C:0A2AH         LINE#         502
  C:0A39H         LINE#         503
  C:0A39H         LINE#         504
  C:0A3FH         LINE#         506
  C:0A46H         LINE#         508
  C:0A4CH         LINE#         510
  C:0A51H         LINE#         512
  C:0A56H         LINE#         514
  C:0A5CH         LINE#         516
  C:0A5FH         LINE#         518
  C:0A61H         LINE#         520
  C:0A63H         LINE#         521
  C:0A63H         LINE#         523
  C:0A63H         LINE#         525
  C:0A63H         LINE#         526
  C:0A6AH         LINE#         527
  C:0A6AH         LINE#         529
  C:0A6AH         LINE#         530
  C:0A6FH         LINE#         531
  C:0A6FH         LINE#         533
  C:0A7AH         LINE#         534
  C:0A7AH         LINE#         535
BL51 BANKED LINKER/LOCATER V6.22                                                      03/26/2019  10:13:42  PAGE 32


  C:0A80H         LINE#         537
  C:0A8BH         LINE#         538
  C:0A8BH         LINE#         539
  C:0A98H         LINE#         541
  C:0ABAH         LINE#         542
  C:0ABAH         LINE#         543
  C:0AC8H         LINE#         545
  C:0AD7H         LINE#         546
  C:0AD7H         LINE#         547
  C:0ADDH         LINE#         549
  C:0AE4H         LINE#         551
  C:0AE9H         LINE#         553
  C:0AF0H         LINE#         555
  C:0AF3H         LINE#         557
  C:0AF5H         LINE#         559
  C:0AFCH         LINE#         561
  C:0B00H         LINE#         563
  C:0B02H         LINE#         564
  C:0B02H         LINE#         566
  C:0B02H         LINE#         568
  C:0B02H         LINE#         569
  C:0B09H         LINE#         570
  C:0B09H         LINE#         572
  C:0B2FH         LINE#         573
  C:0B2FH         LINE#         574
  C:0B32H         LINE#         576
  C:0B37H         LINE#         578
  C:0B3BH         LINE#         580
  C:0B3DH         LINE#         582
  C:0B40H         LINE#         584
  C:0B42H         LINE#         585
  C:0B68H         LINE#         586
  C:0B68H         LINE#         587
  C:0B6DH         LINE#         589
  C:0B71H         LINE#         590
  C:0B71H         LINE#         592
  C:0B7CH         LINE#         593
  C:0B7CH         LINE#         594
  C:0B89H         LINE#         596
  C:0C0AH         LINE#         597
  C:0C0AH         LINE#         599
  C:0C39H         LINE#         600
  C:0C39H         LINE#         602
  C:0C66H         LINE#         603
  C:0C66H         LINE#         606
  C:0C71H         LINE#         607
  C:0C7EH         LINE#         608
  C:0C89H         LINE#         609
  C:0C94H         LINE#         610
  C:0C9EH         LINE#         612
  C:0CB8H         LINE#         613
  C:0CB8H         LINE#         614
  C:0CBBH         LINE#         615
  C:0CBEH         LINE#         616
  C:0CD9H         LINE#         617
  C:0CD9H         LINE#         618
  C:0CDCH         LINE#         619
BL51 BANKED LINKER/LOCATER V6.22                                                      03/26/2019  10:13:42  PAGE 33


  C:0CDFH         LINE#         620
  C:0D04H         LINE#         621
  C:0D04H         LINE#         622
  C:0D07H         LINE#         623
  C:0D09H         LINE#         624
  C:0D31H         LINE#         625
  C:0D31H         LINE#         626
  C:0D34H         LINE#         627
  C:0D36H         LINE#         628
  C:0D5BH         LINE#         629
  C:0D5BH         LINE#         630
  C:0D5EH         LINE#         631
  C:0D60H         LINE#         633
  C:0D60H         LINE#         634
  C:0D65H         LINE#         635
  C:0D65H         LINE#         637
  C:0D8CH         LINE#         638
  C:0D8CH         LINE#         639
  C:0D9AH         LINE#         640
  C:0DA1H         LINE#         641
  C:0DA5H         LINE#         642
  C:0DA9H         LINE#         643
  C:0DADH         LINE#         644
  C:0DB1H         LINE#         645
  C:0DC3H         LINE#         646
  C:0DC3H         LINE#         647
  C:0DC9H         LINE#         648
  C:0DCDH         LINE#         649
  C:0DCDH         LINE#         651
  C:0DD0H         LINE#         652
  C:0E17H         LINE#         653
  C:0E17H         LINE#         654
  C:0E25H         LINE#         655
  C:0E2CH         LINE#         656
  C:0E32H         LINE#         657
  C:0E36H         LINE#         658
  C:0E3AH         LINE#         659
  C:0E3EH         LINE#         660
  C:0E50H         LINE#         661
  C:0E50H         LINE#         662
  C:0E56H         LINE#         663
  C:0E5AH         LINE#         664
  C:0E5AH         LINE#         665
  C:0E5DH         LINE#         666
  C:0EA4H         LINE#         667
  C:0EA4H         LINE#         668
  C:0EB2H         LINE#         669
  C:0EB9H         LINE#         670
  C:0EBFH         LINE#         671
  C:0EC5H         LINE#         672
  C:0EC9H         LINE#         673
  C:0ECDH         LINE#         674
  C:0EDFH         LINE#         675
  C:0EDFH         LINE#         676
  C:0EE5H         LINE#         677
  C:0EE9H         LINE#         678
  C:0EE9H         LINE#         679
BL51 BANKED LINKER/LOCATER V6.22                                                      03/26/2019  10:13:42  PAGE 34


  C:0EECH         LINE#         680
  C:0F33H         LINE#         681
  C:0F33H         LINE#         682
  C:0F41H         LINE#         683
  C:0F48H         LINE#         684
  C:0F4CH         LINE#         685
  C:0F52H         LINE#         686
  C:0F58H         LINE#         687
  C:0F5CH         LINE#         688
  C:0F6EH         LINE#         689
  C:0F6EH         LINE#         690
  C:0F74H         LINE#         691
  C:0F78H         LINE#         692
  C:0F78H         LINE#         693
  C:0F7BH         LINE#         694
  C:0FC2H         LINE#         695
  C:0FC2H         LINE#         696
  C:0FD0H         LINE#         697
  C:0FD7H         LINE#         698
  C:0FDBH         LINE#         699
  C:0FDFH         LINE#         700
  C:0FE5H         LINE#         701
  C:0FEBH         LINE#         702
  C:0FFDH         LINE#         703
  C:0FFDH         LINE#         704
  C:1003H         LINE#         705
  C:1007H         LINE#         706
  C:1007H         LINE#         707
  C:100AH         LINE#         708
  C:1034H         LINE#         709
  C:1034H         LINE#         710
  C:1042H         LINE#         711
  C:1049H         LINE#         712
  C:104DH         LINE#         713
  C:1051H         LINE#         714
  C:1055H         LINE#         715
  C:105BH         LINE#         716
  C:106AH         LINE#         717
  C:106AH         LINE#         718
  C:1070H         LINE#         719
  C:1074H         LINE#         720
  C:1074H         LINE#         721
  C:1076H         LINE#         723
  C:1076H         LINE#         724
  C:107DH         LINE#         725
  C:1083H         LINE#         726
  C:1087H         LINE#         727
  C:108BH         LINE#         728
  C:108FH         LINE#         729
  C:1093H         LINE#         730
  C:1093H         LINE#         733
  C:10C6H         LINE#         735
  C:10DAH         LINE#         739
  C:10E2H         LINE#         740
  C:10E2H         LINE#         741
  C:10F0H         LINE#         742
  C:10F3H         LINE#         743
BL51 BANKED LINKER/LOCATER V6.22                                                      03/26/2019  10:13:42  PAGE 35


  C:10F7H         LINE#         744
  C:10F7H         LINE#         745
  C:1110H         LINE#         746
  C:1113H         LINE#         747
  C:111AH         LINE#         748
  C:111AH         LINE#         749
  C:1133H         LINE#         750
  C:1135H         LINE#         751
  C:113CH         LINE#         752
  C:113CH         LINE#         753
  C:1155H         LINE#         754
  C:1157H         LINE#         755
  C:115EH         LINE#         756
  C:115EH         LINE#         757
  C:1177H         LINE#         758
  C:1179H         LINE#         759
  C:1180H         LINE#         760
  C:1180H         LINE#         761
  C:119FH         LINE#         762
  C:119FH         LINE#         766
  C:11B1H         LINE#         767
  C:11B1H         LINE#         768
  C:11CAH         LINE#         769
  C:11CAH         LINE#         770
  C:11D1H         LINE#         771
  C:11D1H         LINE#         772
  C:11E7H         LINE#         773
  C:11EAH         LINE#         775
  C:11EAH         LINE#         776
  C:11FEH         LINE#         777
  C:11FEH         LINE#         779
  C:1201H         LINE#         781
  C:1201H         LINE#         782
  C:1208H         LINE#         783
  C:1208H         LINE#         784
  C:120FH         LINE#         785
  C:120FH         LINE#         786
  C:1225H         LINE#         787
  C:1227H         LINE#         789
  C:1227H         LINE#         790
  C:123BH         LINE#         791
  C:123BH         LINE#         792
  C:123EH         LINE#         794
  C:123EH         LINE#         795
  C:1245H         LINE#         796
  C:1245H         LINE#         797
  C:125BH         LINE#         798
  C:125DH         LINE#         800
  C:125DH         LINE#         801
  C:1273H         LINE#         802
  C:1273H         LINE#         803
  C:1273H         LINE#         804
  C:1273H         LINE#         806
  C:1276H         LINE#         807
  C:1283H         LINE#         808
[...]
  C:2DC2H         LINE#         1159
  C:2DC8H         LINE#         1160
  C:2DCAH         LINE#         1162
  C:2DCAH         LINE#         1163
  C:2DCFH         LINE#         1164
  C:2DCFH         LINE#         1167
  C:2DE6H         LINE#         1168
  C:2DE6H         LINE#         1169
  C:2DE6H         LINE#         1170
  C:2DEFH         LINE#         1171
  C:2DEFH         LINE#         1172
  C:2DF3H         LINE#         1174
  C:2DF7H         LINE#         1176
  C:2DFBH         LINE#         1190
  C:2DFDH         LINE#         1191
  C:2E00H         LINE#         1193
  C:2E06H         LINE#         1195
  C:2E08H         LINE#         1197
  C:2E0FH         LINE#         1199
  C:2E19H         LINE#         1202
  C:2E22H         LINE#         1205
  C:2E2CH         LINE#         1207
  C:2E36H         LINE#         1209
  C:2E40H         LINE#         1211
  C:2E73H         LINE#         1213
  C:2E78H         LINE#         1215
  C:2E7EH         LINE#         1216
  C:2E84H         LINE#         1217
  C:2E8AH         LINE#         1218
  C:2E90H         LINE#         1219
  C:2E94H         LINE#         1220
  C:2E98H         LINE#         1221
  C:2E9DH         LINE#         1223
  C:2EA1H         LINE#         1225
  C:2EA6H         LINE#         1227
  C:2EA6H         LINE#         1228
  C:2EA6H         LINE#         1230
  C:2EA9H         LINE#         1232
  C:2EA9H         LINE#         1233
  C:2EB4H         LINE#         1234
  C:2EB4H         LINE#         1236
  C:2EB9H         LINE#         1237
  C:2EBCH         LINE#         1238
  C:2EC2H         LINE#         1239
  C:2EC4H         LINE#         1240
  C:2EC6H         LINE#         1241
BL51 BANKED LINKER/LOCATER V6.22                                                      03/26/2019  10:13:42  PAGE 41


  C:2ECBH         LINE#         1242
  C:2ED1H         LINE#         1243
  C:2ED7H         LINE#         1244
  C:2EDDH         LINE#         1245
  C:2EE3H         LINE#         1246
  C:2EE7H         LINE#         1247
  C:2EEBH         LINE#         1248
  C:2EF0H         LINE#         1249
  C:2EF5H         LINE#         1250
  C:2EF9H         LINE#         1251
  C:2EFFH         LINE#         1253
  C:2EFFH         LINE#         1254
  C:2F00H         LINE#         1256
  C:2F00H         LINE#         1258
  C:2F09H         LINE#         1259
  C:2F09H         LINE#         1261
  C:2F0EH         LINE#         1263
  C:2F10H         LINE#         1265
  C:2F12H         LINE#         1267
  C:2F15H         LINE#         1269
  C:2F1FH         LINE#         1271
  C:2F28H         LINE#         1273
  C:2F2EH         LINE#         1275
  C:2F37H         LINE#         1278
  C:2F41H         LINE#         1280
  C:2F4BH         LINE#         1282
  C:2F55H         LINE#         1284
  C:2F88H         LINE#         1286
  C:2F8DH         LINE#         1288
  C:2F93H         LINE#         1289
  C:2F99H         LINE#         1290
  C:2F9FH         LINE#         1291
  C:2FA5H         LINE#         1293
  C:2FA9H         LINE#         1294
  C:2FADH         LINE#         1295
  C:2FB2H         LINE#         1297
  C:2FB7H         LINE#         1299
  C:2FBCH         LINE#         1301
  C:2FC1H         LINE#         1303
  C:2FC1H         LINE#         1305
  C:2FC1H         LINE#         1307
  C:2FC1H         LINE#         1309
  C:2FC1H         LINE#         1312
  -------         ENDPROC       HANDLE_TASK_PROCESS
  -------         ENDMOD        TASK

  -------         MODULE        TIMER
  C:0000H         SYMBOL        _ICE_DUMMY_
  D:0080H         PUBLIC        P0
  D:0090H         PUBLIC        P1
  D:00A0H         PUBLIC        P2
  D:00B0H         PUBLIC        P3
  D:009CH         PUBLIC        EIE1
  D:00D8H         PUBLIC        PWMCON0
  D:00A8H         PUBLIC        IE
  D:00B8H         PUBLIC        IP
  D:0098H         PUBLIC        SCON
BL51 BANKED LINKER/LOCATER V6.22                                                      03/26/2019  10:13:42  PAGE 42


  D:0089H         PUBLIC        TMOD
  D:0088H         PUBLIC        TCON
  D:00F8H         PUBLIC        SCON_1
  B:0088H.7       PUBLIC        TF1
  D:00C6H         PUBLIC        RH3
  D:008DH         PUBLIC        TH1
  D:00C5H         PUBLIC        RL3
  D:008BH         PUBLIC        TL1
  B:0088H.6       PUBLIC        TR1
  D:00E8H         PUBLIC        ADCCON0
  D:00C0H         PUBLIC        I2CON
  D:00C8H         PUBLIC        T2CON
  D:00C4H         PUBLIC        T3CON
  C:3AAEH         PUBLIC        init_timer3
  D:008EH         PUBLIC        CKCON
  C:0027H         PUBLIC        Init_Time1_IRD
  D:00D0H         PUBLIC        PSW
  -------         PROC          INIT_TIME1_IRD
  C:0027H         LINE#         21
  C:0027H         LINE#         22
  C:0027H         LINE#         23
  C:002DH         LINE#         24
  C:0030H         LINE#         25
  C:0032H         LINE#         27
  C:0034H         LINE#         28
  C:0037H         LINE#         29
  C:0039H         LINE#         30
  -------         ENDPROC       INIT_TIME1_IRD
  -------         PROC          INIT_TIMER3
  C:3AAEH         LINE#         38
  C:3AAEH         LINE#         39
  C:3AAEH         LINE#         43
  C:3AB1H         LINE#         44
  C:3AB4H         LINE#         45
  C:3AB7H         LINE#         47
  C:3ABAH         LINE#         48
  C:3ABDH         LINE#         49
  C:3AC0H         LINE#         50
  C:3AC3H         LINE#         53
  -------         ENDPROC       INIT_TIMER3
  -------         ENDMOD        TIMER

  -------         MODULE        UDELAY
  C:0000H         SYMBOL        _ICE_DUMMY_
  D:0080H         PUBLIC        P0
  D:0090H         PUBLIC        P1
  D:00A0H         PUBLIC        P2
  D:00B0H         PUBLIC        P3
  B:00A8H.7       PUBLIC        EA
  D:00D8H         PUBLIC        PWMCON0
  C:3AD9H         PUBLIC        delay_1us
  D:00A8H         PUBLIC        IE
  D:00C7H         PUBLIC        TA
  D:00B8H         PUBLIC        IP
  D:0098H         PUBLIC        SCON
  D:0088H         PUBLIC        TCON
  D:00F8H         PUBLIC        SCON_1
BL51 BANKED LINKER/LOCATER V6.22                                                      03/26/2019  10:13:42  PAGE 43


  C:003EH         PUBLIC        _delay_ms
  D:00E8H         PUBLIC        ADCCON0
  D:00C0H         PUBLIC        I2CON
  D:00C8H         PUBLIC        T2CON
  D:00D0H         PUBLIC        PSW
  D:00AAH         PUBLIC        WDCON
  -------         PROC          DELAY_1US
  C:3AD9H         LINE#         17
  C:3AD9H         LINE#         18
  C:3AD9H         LINE#         19
  C:3ADAH         LINE#         20
  C:3ADBH         LINE#         21
  C:3ADCH         LINE#         22
  C:3ADDH         LINE#         23
  C:3ADEH         LINE#         24
  C:3ADFH         LINE#         25
  C:3AE0H         LINE#         26
  C:3AE1H         LINE#         27
  C:3AE2H         LINE#         28
  C:3AE3H         LINE#         29
  C:3AE4H         LINE#         30
  C:3AE5H         LINE#         31
  C:3AE6H         LINE#         32
  C:3AE7H         LINE#         33
  C:3AE8H         LINE#         34
  C:3AE9H         LINE#         35
  -------         ENDPROC       DELAY_1US
  -------         PROC          _DELAY_MS
  D:0006H         SYMBOL        count
  -------         DO            
  D:0004H         SYMBOL        i
  D:0002H         SYMBOL        j
  -------         ENDDO         
  C:003EH         LINE#         39
  C:003EH         LINE#         40
  C:003EH         LINE#         43
  C:0048H         LINE#         44
  C:0048H         LINE#         45
  C:004BH         LINE#         46
  C:004BH         LINE#         47
  C:004CH         LINE#         48
  C:004DH         LINE#         49
  C:004EH         LINE#         50
  C:004FH         LINE#         51
  C:0050H         LINE#         52
  C:0051H         LINE#         53
  C:0052H         LINE#         54
  C:0053H         LINE#         55
  C:005EH         LINE#         56
  C:0071H         LINE#         57
  C:0078H         LINE#         58
  -------         ENDPROC       _DELAY_MS
  -------         ENDMOD        UDELAY

  -------         MODULE        COMMON
  C:0000H         SYMBOL        _ICE_DUMMY_
  D:00B1H         PUBLIC        P0M1
BL51 BANKED LINKER/LOCATER V6.22                                                      03/26/2019  10:13:42  PAGE 44


  D:00B3H         PUBLIC        P1M1
  D:00B2H         PUBLIC        P0M2
  D:0080H         PUBLIC        P0
  D:00B4H         PUBLIC        P1M2
  D:0090H         PUBLIC        P1
  D:00A0H         PUBLIC        P2
  D:00B0H         PUBLIC        P3
  D:00D8H         PUBLIC        PWMCON0
  D:00A8H         PUBLIC        IE
  D:00B8H         PUBLIC        IP
  B:0098H.0       PUBLIC        RI
  B:0098H.1       PUBLIC        TI
  B:00F8H.0       PUBLIC        RI_1
  B:00F8H.1       PUBLIC        TI_1
  D:0099H         PUBLIC        SBUF
  D:0087H         PUBLIC        PCON
  D:0098H         PUBLIC        SCON
  D:0089H         PUBLIC        TMOD
  D:0088H         PUBLIC        TCON
  D:009AH         PUBLIC        SBUF_1
  D:00F8H         PUBLIC        SCON_1
  D:00C6H         PUBLIC        RH3
  D:008DH         PUBLIC        TH1
  D:00C5H         PUBLIC        RL3
  C:3A5FH         PUBLIC        _InitialUART0_Timer1
  C:3842H         PUBLIC        _InitialUART0_Timer3
  C:3925H         PUBLIC        _InitialUART1_Timer3
  B:0088H.6       PUBLIC        TR1
  D:00E8H         PUBLIC        ADCCON0
  C:3B14H         PUBLIC        _Send_Data_To_UART0
  C:3B24H         PUBLIC        _Send_Data_To_UART1
  D:00C0H         PUBLIC        I2CON
  D:00C8H         PUBLIC        T2CON
  D:00C4H         PUBLIC        T3CON
  C:3B0CH         PUBLIC        Receive_Data_From_UART0
  C:3B1CH         PUBLIC        Receive_Data_From_UART1
  D:008EH         PUBLIC        CKCON
  D:00D0H         PUBLIC        PSW
  -------         PROC          _INITIALUART0_TIMER1
  D:0004H         SYMBOL        u32Baudrate
  C:3A5FH         LINE#         25
  C:3A5FH         LINE#         26
  C:3A5FH         LINE#         27
  C:3A65H         LINE#         28
  C:3A6BH         LINE#         30
  C:3A6EH         LINE#         31
  C:3A71H         LINE#         33
  C:3A74H         LINE#         34
  C:3A77H         LINE#         35
  C:3A7AH         LINE#         38
  C:3A93H         LINE#         43
  C:3A95H         LINE#         44
  C:3A97H         LINE#         45
  -------         ENDPROC       _INITIALUART0_TIMER1
  -------         PROC          _INITIALUART0_TIMER3
  X:0248H         SYMBOL        u32Baudrate
  C:3842H         LINE#         47
BL51 BANKED LINKER/LOCATER V6.22                                                      03/26/2019  10:13:42  PAGE 45


  C:3848H         LINE#         48
  C:3848H         LINE#         49
  C:384EH         LINE#         50
  C:3854H         LINE#         52
  C:3857H         LINE#         53
  C:385AH         LINE#         54
  C:385DH         LINE#         55
  C:3860H         LINE#         58
  C:388FH         LINE#         59
  C:38AFH         LINE#         65
  C:38B2H         LINE#         66
  C:38B4H         LINE#         67
  -------         ENDPROC       _INITIALUART0_TIMER3
  -------         PROC          RECEIVE_DATA_FROM_UART0
  -------         DO            
  D:0007H         SYMBOL        c
  -------         ENDDO         
  C:3B0CH         LINE#         69
  C:3B0CH         LINE#         70
  C:3B0CH         LINE#         72
  C:3B0FH         LINE#         73
  C:3B11H         LINE#         74
  C:3B13H         LINE#         75
  C:3B13H         LINE#         76
  -------         ENDPROC       RECEIVE_DATA_FROM_UART0
  -------         PROC          _SEND_DATA_TO_UART0
  D:0007H         SYMBOL        c
  C:3B14H         LINE#         78
  C:3B14H         LINE#         79
  C:3B14H         LINE#         80
  C:3B16H         LINE#         81
  C:3B18H         LINE#         82
  C:3B1BH         LINE#         83
  -------         ENDPROC       _SEND_DATA_TO_UART0
  -------         PROC          _INITIALUART1_TIMER3
  X:024CH         SYMBOL        u32Baudrate
  C:3925H         LINE#         89
  C:392BH         LINE#         90
  C:392BH         LINE#         91
  C:3931H         LINE#         92
  C:3937H         LINE#         94
  C:393AH         LINE#         95
  C:393DH         LINE#         96
  C:3940H         LINE#         99
  C:396FH         LINE#         100
  C:398FH         LINE#         106
  C:3992H         LINE#         107
  -------         ENDPROC       _INITIALUART1_TIMER3
  -------         PROC          RECEIVE_DATA_FROM_UART1
  -------         DO            
  D:0007H         SYMBOL        c
  -------         ENDDO         
  C:3B1CH         LINE#         109
  C:3B1CH         LINE#         110
  C:3B1CH         LINE#         113
  C:3B1FH         LINE#         114
  C:3B21H         LINE#         115
BL51 BANKED LINKER/LOCATER V6.22                                                      03/26/2019  10:13:42  PAGE 46


  C:3B23H         LINE#         116
  C:3B23H         LINE#         117
  -------         ENDPROC       RECEIVE_DATA_FROM_UART1
  -------         PROC          _SEND_DATA_TO_UART1
  D:0007H         SYMBOL        c
  C:3B24H         LINE#         119
  C:3B24H         LINE#         120
  C:3B24H         LINE#         121
  C:3B26H         LINE#         122
  C:3B28H         LINE#         123
  C:3B2BH         LINE#         124
  -------         ENDPROC       _SEND_DATA_TO_UART1
  -------         ENDMOD        COMMON

  -------         MODULE        DELAY
  C:0000H         SYMBOL        _ICE_DUMMY_
  D:0080H         PUBLIC        P0
  D:0090H         PUBLIC        P1
  D:00A0H         PUBLIC        P2
  D:00B0H         PUBLIC        P3
  D:00D8H         PUBLIC        PWMCON0
  D:00A8H         PUBLIC        IE
  D:00B8H         PUBLIC        IP
  B:0020H.0       PUBLIC        BIT_TMP
  D:0098H         PUBLIC        SCON
  D:0088H         PUBLIC        TCON
  D:00F8H         PUBLIC        SCON_1
  D:00E8H         PUBLIC        ADCCON0
  D:00C0H         PUBLIC        I2CON
  D:00C8H         PUBLIC        T2CON
  D:00D0H         PUBLIC        PSW
  -------         ENDMOD        DELAY

  -------         MODULE        ?C?FPADD
  C:1CEDH         PUBLIC        ?C?FPADD
  C:1CE9H         PUBLIC        ?C?FPSUB
  -------         ENDMOD        ?C?FPADD

  -------         MODULE        ?C?FPMUL
  C:1DDEH         PUBLIC        ?C?FPMUL
  -------         ENDMOD        ?C?FPMUL

  -------         MODULE        ?C?FPDIV
  C:1EE7H         PUBLIC        ?C?FPDIV
  -------         ENDMOD        ?C?FPDIV

  -------         MODULE        ?C?FPCMP
  C:1F86H         PUBLIC        ?C?FPCMP
  C:1F84H         PUBLIC        ?C?FPCMP3
  -------         ENDMOD        ?C?FPCMP

  -------         MODULE        ?C?FCAST
  C:1FFBH         PUBLIC        ?C?FCASTC
  C:1FF6H         PUBLIC        ?C?FCASTI
  C:1FF1H         PUBLIC        ?C?FCASTL
  -------         ENDMOD        ?C?FCAST

BL51 BANKED LINKER/LOCATER V6.22                                                      03/26/2019  10:13:42  PAGE 47


  -------         MODULE        ?C?CASTF
  C:202FH         PUBLIC        ?C?CASTF
  -------         ENDMOD        ?C?CASTF

  -------         MODULE        ?C?UIDIV
  C:20B0H         PUBLIC        ?C?UIDIV
  -------         ENDMOD        ?C?UIDIV

  -------         MODULE        ?C?ULDIV
  C:2141H         PUBLIC        ?C?ULDIV
  -------         ENDMOD        ?C?ULDIV

  -------         MODULE        ?C?LNEG
  C:21D3H         PUBLIC        ?C?LNEG
  -------         ENDMOD        ?C?LNEG

  -------         MODULE        ?C?ULCMP
  C:21E1H         PUBLIC        ?C?ULCMP
  -------         ENDMOD        ?C?ULCMP

  -------         MODULE        ?C?ULSHR
  C:21F2H         PUBLIC        ?C?ULSHR
  -------         ENDMOD        ?C?ULSHR

  -------         MODULE        ?C?LSHL
  C:2205H         PUBLIC        ?C?LSHL
  -------         ENDMOD        ?C?LSHL

  -------         MODULE        ?C?LLDPTR
  C:2218H         PUBLIC        ?C?LLDPTR
  -------         ENDMOD        ?C?LLDPTR

  -------         MODULE        ?C?LLDOPTR
  C:2238H         PUBLIC        ?C?LLDOPTR
  -------         ENDMOD        ?C?LLDOPTR

  -------         MODULE        ?C?LSTPTR
  C:2268H         PUBLIC        ?C?LSTPTR
  -------         ENDMOD        ?C?LSTPTR

  -------         MODULE        ?C?LSTOPTR
  C:2282H         PUBLIC        ?C?LSTOPTR
  -------         ENDMOD        ?C?LSTOPTR

  -------         MODULE        ?C?LLDOPTR0
  C:22A6H         PUBLIC        ?C?LLDOPTR0
  -------         ENDMOD        ?C?LLDOPTR0

  -------         MODULE        ?C?LSTXDATA
  C:22D6H         PUBLIC        ?C?LSTXDATA
  -------         ENDMOD        ?C?LSTXDATA

  -------         MODULE        ?C?LSTKXDATA
  C:22E2H         PUBLIC        ?C?LSTKXDATA
  -------         ENDMOD        ?C?LSTKXDATA

  -------         MODULE        ?C?LSTKOPTR
BL51 BANKED LINKER/LOCATER V6.22                                                      03/26/2019  10:13:42  PAGE 48


  C:2313H         PUBLIC        ?C?LSTKOPTR
  -------         ENDMOD        ?C?LSTKOPTR

  -------         MODULE        ?C?MEMSET
  C:2337H         PUBLIC        ?C?MEMSET
  -------         ENDMOD        ?C?MEMSET

  -------         MODULE        ?C?LLDIDATA
  C:2363H         PUBLIC        ?C?LLDIDATA
  -------         ENDMOD        ?C?LLDIDATA

  -------         MODULE        ?C?LLDXDATA
  C:236FH         PUBLIC        ?C?LLDXDATA
  -------         ENDMOD        ?C?LLDXDATA

  -------         MODULE        ?C?LLDPDATA
  C:237BH         PUBLIC        ?C?LLDPDATA
  -------         ENDMOD        ?C?LLDPDATA

  -------         MODULE        ?C?LLDCODE
  C:2387H         PUBLIC        ?C?LLDCODE
  -------         ENDMOD        ?C?LLDCODE

  -------         MODULE        ?C?LLDIDATA0
  C:2397H         PUBLIC        ?C?LLDIDATA0
  -------         ENDMOD        ?C?LLDIDATA0

  -------         MODULE        ?C?LLDXDATA0
  C:23A4H         PUBLIC        ?C?LLDXDATA0
  -------         ENDMOD        ?C?LLDXDATA0

  -------         MODULE        ?C?LLDPDATA0
  C:23B0H         PUBLIC        ?C?LLDPDATA0
  -------         ENDMOD        ?C?LLDPDATA0

  -------         MODULE        ?C?LLDCODE0
  C:23BDH         PUBLIC        ?C?LLDCODE0
  -------         ENDMOD        ?C?LLDCODE0

  -------         MODULE        ?C?LSTIDATA
  C:23CDH         PUBLIC        ?C?LSTIDATA
  -------         ENDMOD        ?C?LSTIDATA

  -------         MODULE        ?C?LSTPDATA
  C:23D9H         PUBLIC        ?C?LSTPDATA
  -------         ENDMOD        ?C?LSTPDATA

  -------         MODULE        ?C?LSTKIDATA
  C:23E5H         PUBLIC        ?C?LSTKIDATA
  -------         ENDMOD        ?C?LSTKIDATA

  -------         MODULE        ?C?LSTKPDATA
  C:23FEH         PUBLIC        ?C?LSTKPDATA
  -------         ENDMOD        ?C?LSTKPDATA

*** WARNING L16: UNCALLED SEGMENT, IGNORED FOR OVERLAY PROCESS
    SEGMENT: ?PR?INIT_LED?LED
BL51 BANKED LINKER/LOCATER V6.22                                                      03/26/2019  10:13:42  PAGE 49



*** WARNING L16: UNCALLED SEGMENT, IGNORED FOR OVERLAY PROCESS
    SEGMENT: ?PR?_INITIALUART0_TIMER1?COMMON

*** WARNING L16: UNCALLED SEGMENT, IGNORED FOR OVERLAY PROCESS
    SEGMENT: ?PR?_INITIALUART0_TIMER3?COMMON

*** WARNING L16: UNCALLED SEGMENT, IGNORED FOR OVERLAY PROCESS
    SEGMENT: ?PR?RECEIVE_DATA_FROM_UART0?COMMON

*** WARNING L16: UNCALLED SEGMENT, IGNORED FOR OVERLAY PROCESS
    SEGMENT: ?PR?_SEND_DATA_TO_UART0?COMMON

*** WARNING L16: UNCALLED SEGMENT, IGNORED FOR OVERLAY PROCESS
    SEGMENT: ?PR?_INITIALUART1_TIMER3?COMMON

*** WARNING L16: UNCALLED SEGMENT, IGNORED FOR OVERLAY PROCESS
    SEGMENT: ?PR?RECEIVE_DATA_FROM_UART1?COMMON

*** WARNING L16: UNCALLED SEGMENT, IGNORED FOR OVERLAY PROCESS
    SEGMENT: ?PR?_SEND_DATA_TO_UART1?COMMON

Program Size: data=9.1 xdata=594 code=15150
LINK/LOCATE RUN COMPLETE.  8 WARNING(S),  0 ERROR(S)
